Component: ARM Compiler 5.06 update 7 (build 960) Tool: armlink [4d3601]

==============================================================================

Section Cross References

    startup_stm32f427xx.o(STACK) refers (Special) to heapauxi.o(.text) for __use_two_region_memory
    startup_stm32f427xx.o(HEAP) refers (Special) to heapauxi.o(.text) for __use_two_region_memory
    startup_stm32f427xx.o(RESET) refers (Special) to heapauxi.o(.text) for __use_two_region_memory
    startup_stm32f427xx.o(RESET) refers to startup_stm32f427xx.o(STACK) for __initial_sp
    startup_stm32f427xx.o(RESET) refers to startup_stm32f427xx.o(.text) for Reset_Handler
    startup_stm32f427xx.o(RESET) refers to stm32f4xx_it.o(i.NMI_Handler) for NMI_Handler
    startup_stm32f427xx.o(RESET) refers to stm32f4xx_it.o(i.HardFault_Handler) for HardFault_Handler
    startup_stm32f427xx.o(RESET) refers to stm32f4xx_it.o(i.MemManage_Handler) for MemManage_Handler
    startup_stm32f427xx.o(RESET) refers to stm32f4xx_it.o(i.BusFault_Handler) for BusFault_Handler
    startup_stm32f427xx.o(RESET) refers to stm32f4xx_it.o(i.UsageFault_Handler) for UsageFault_Handler
    startup_stm32f427xx.o(RESET) refers to port.o(.emb_text) for SVC_Handler
    startup_stm32f427xx.o(RESET) refers to stm32f4xx_it.o(i.DebugMon_Handler) for DebugMon_Handler
    startup_stm32f427xx.o(RESET) refers to port.o(i.SysTick_Handler) for SysTick_Handler
    startup_stm32f427xx.o(RESET) refers to stm32f4xx_it.o(i.CAN1_RX0_IRQHandler) for CAN1_RX0_IRQHandler
    startup_stm32f427xx.o(RESET) refers to stm32f4xx_it.o(i.USART1_IRQHandler) for USART1_IRQHandler
    startup_stm32f427xx.o(RESET) refers to stm32f4xx_it.o(i.TIM6_DAC_IRQHandler) for TIM6_DAC_IRQHandler
    startup_stm32f427xx.o(RESET) refers to stm32f4xx_it.o(i.DMA2_Stream2_IRQHandler) for DMA2_Stream2_IRQHandler
    startup_stm32f427xx.o(RESET) refers to stm32f4xx_it.o(i.CAN2_RX0_IRQHandler) for CAN2_RX0_IRQHandler
    startup_stm32f427xx.o(.text) refers (Special) to heapauxi.o(.text) for __use_two_region_memory
    startup_stm32f427xx.o(.text) refers to system_stm32f4xx.o(i.SystemInit) for SystemInit
    startup_stm32f427xx.o(.text) refers to __main.o(!!!main) for __main
    startup_stm32f427xx.o(.text) refers to startup_stm32f427xx.o(HEAP) for Heap_Mem
    startup_stm32f427xx.o(.text) refers to startup_stm32f427xx.o(STACK) for Stack_Mem
    main.o(i.HAL_TIM_PeriodElapsedCallback) refers to stm32f4xx_hal.o(i.HAL_IncTick) for HAL_IncTick
    main.o(i.SystemClock_Config) refers to rt_memclr_w.o(.text) for __aeabi_memclr4
    main.o(i.SystemClock_Config) refers to stm32f4xx_hal_rcc.o(i.HAL_RCC_OscConfig) for HAL_RCC_OscConfig
    main.o(i.SystemClock_Config) refers to stm32f4xx_hal_rcc.o(i.HAL_RCC_ClockConfig) for HAL_RCC_ClockConfig
    main.o(i.main) refers to stm32f4xx_hal.o(i.HAL_Init) for HAL_Init
    main.o(i.main) refers to main.o(i.SystemClock_Config) for SystemClock_Config
    main.o(i.main) refers to gpio.o(i.MX_GPIO_Init) for MX_GPIO_Init
    main.o(i.main) refers to dma.o(i.MX_DMA_Init) for MX_DMA_Init
    main.o(i.main) refers to can.o(i.MX_CAN1_Init) for MX_CAN1_Init
    main.o(i.main) refers to can.o(i.MX_CAN2_Init) for MX_CAN2_Init
    main.o(i.main) refers to usart.o(i.MX_USART1_UART_Init) for MX_USART1_UART_Init
    main.o(i.main) refers to spi.o(i.MX_SPI5_Init) for MX_SPI5_Init
    main.o(i.main) refers to stm32f4xx_hal_uart.o(i.HAL_UART_Receive_DMA) for HAL_UART_Receive_DMA
    main.o(i.main) refers to freertos.o(i.MX_FREERTOS_Init) for MX_FREERTOS_Init
    main.o(i.main) refers to cmsis_os.o(i.osKernelStart) for osKernelStart
    main.o(i.main) refers to bsp_can.o(.data) for Can_Fun
    main.o(i.main) refers to can.o(.bss) for hcan1
    main.o(i.main) refers to dr16_remote.o(.bss) for DBUS_RX_buffer
    main.o(i.main) refers to usart.o(.bss) for huart1
    freertos.o(i.MX_FREERTOS_Init) refers to cmsis_os.o(i.osMessageCreate) for osMessageCreate
    freertos.o(i.MX_FREERTOS_Init) refers to rt_memcpy_w.o(.text) for __aeabi_memcpy4
    freertos.o(i.MX_FREERTOS_Init) refers to cmsis_os.o(i.osThreadCreate) for osThreadCreate
    freertos.o(i.MX_FREERTOS_Init) refers to freertos.o(.constdata) for .constdata
    freertos.o(i.MX_FREERTOS_Init) refers to freertos.o(.data) for .data
    freertos.o(i.StartDefaultTask) refers to cmsis_os.o(i.osDelay) for osDelay
    freertos.o(i.vApplicationGetIdleTaskMemory) refers to freertos.o(.bss) for .bss
    freertos.o(.constdata) refers to freertos.o(.conststring) for .conststring
    freertos.o(.constdata) refers to freertos.o(i.StartDefaultTask) for StartDefaultTask
    freertos.o(.constdata) refers to task_canmsg.o(i.Can1Receives) for Can1Receives
    freertos.o(.constdata) refers to task_canmsg.o(i.Can2Receives) for Can2Receives
    freertos.o(.constdata) refers to task_cansend.o(i.AllCanSend) for AllCanSend
    freertos.o(.constdata) refers to task_sampling.o(i.Fixed_Sampling) for Fixed_Sampling
[...]
    .bss                                     0x200006ac   Section      164  usart.o(.bss)
    .bss                                     0x20000750   Section       72  stm32f4xx_hal_timebase_tim.o(.bss)
    .bss                                     0x20000798   Section      240  tasks.o(.bss)
    pxReadyTasksLists                        0x20000798   Data         140  tasks.o(.bss)
    xDelayedTaskList1                        0x20000824   Data          20  tasks.o(.bss)
    xDelayedTaskList2                        0x20000838   Data          20  tasks.o(.bss)
    xPendingReadyList                        0x2000084c   Data          20  tasks.o(.bss)
    xTasksWaitingTermination                 0x20000860   Data          20  tasks.o(.bss)
    xSuspendedTaskList                       0x20000874   Data          20  tasks.o(.bss)
    .bss                                     0x20000888   Section    15360  heap_4.o(.bss)
    ucHeap                                   0x20000888   Data       15360  heap_4.o(.bss)
    .bss                                     0x20004488   Section      152  bsp_can.o(.bss)
    .bss                                     0x20004520   Section       32  dji_c_imu.o(.bss)
    .bss                                     0x20004540   Section       38  dr16_remote.o(.bss)
    .bss                                     0x20004568   Section      128  m3508_motor.o(.bss)
    .bss                                     0x200045e8   Section       32  m3508_motor.o(.bss)
    .bss                                     0x20004608   Section       32  m3508_motor.o(.bss)
    .bss                                     0x20004628   Section       36  m6020_motor.o(.bss)
    .bss                                     0x2000464c   Section       36  m6020_motor.o(.bss)
    .bss                                     0x20004670   Section       40  chassis.o(.bss)
    chassis_tx_message                       0x20004680   Data          24  chassis.o(.bss)
    .bss                                     0x20004698   Section       48  cloud.o(.bss)
    .bss                                     0x200046c8   Section       96  libspace.o(.bss)
    HEAP                                     0x20004728   Section      512  startup_stm32f427xx.o(HEAP)
    Heap_Mem                                 0x20004728   Data         512  startup_stm32f427xx.o(HEAP)
    STACK                                    0x20004928   Section     1024  startup_stm32f427xx.o(STACK)
    Stack_Mem                                0x20004928   Data        1024  startup_stm32f427xx.o(STACK)
    __initial_sp                             0x20004d28   Data           0  startup_stm32f427xx.o(STACK)

    Global Symbols

    Symbol Name                              Value     Ov Type        Size  Object(Section)

    BuildAttributes$$THM_ISAv4$E$P$D$K$B$S$7EM$VFPi3$EXTD16$VFPS$VFMA$PE$A:L22UL41UL21$X:L11$S22US41US21$IEEE1$IW$USESV6$~STKCKD$USESV7$~SHL$OSPACE$ROPI$EBA8$UX$STANDARDLIB$REQ8$PRES8$EABIv2 0x00000000   Number         0  anon$$obj.o ABSOLUTE
    __ARM_use_no_argv                        0x00000000   Number         0  main.o ABSOLUTE
    __ARM_exceptions_init                     - Undefined Weak Reference
    __alloca_initialize                       - Undefined Weak Reference
    __arm_fini_                               - Undefined Weak Reference
    __arm_preinit_                            - Undefined Weak Reference
    __cpp_initialize__aeabi_                  - Undefined Weak Reference
    __cxa_finalize                            - Undefined Weak Reference
    __rt_locale                               - Undefined Weak Reference
    __sigvec_lookup                           - Undefined Weak Reference
    _atexit_init                              - Undefined Weak Reference
    _call_atexit_fns                          - Undefined Weak Reference
    _clock_init                               - Undefined Weak Reference
    _fp_trap_init                             - Undefined Weak Reference
    _fp_trap_shutdown                         - Undefined Weak Reference
    _get_lc_collate                           - Undefined Weak Reference
    _get_lc_ctype                             - Undefined Weak Reference
    _get_lc_monetary                          - Undefined Weak Reference
    _get_lc_numeric                           - Undefined Weak Reference
    _get_lc_time                              - Undefined Weak Reference
    _getenv_init                              - Undefined Weak Reference
    _handle_redirection                       - Undefined Weak Reference
    _init_alloc                               - Undefined Weak Reference
    _init_user_alloc                          - Undefined Weak Reference
    _initio                                   - Undefined Weak Reference
    _rand_init                                - Undefined Weak Reference
    _signal_finish                            - Undefined Weak Reference
    _signal_init                              - Undefined Weak Reference
    _terminate_alloc                          - Undefined Weak Reference
    _terminate_user_alloc                     - Undefined Weak Reference
    _terminateio                              - Undefined Weak Reference
    __Vectors_Size                           0x000001ac   Number         0  startup_stm32f427xx.o ABSOLUTE
    __Vectors                                0x08000000   Data           4  startup_stm32f427xx.o(RESET)
    __Vectors_End                            0x080001ac   Data           0  startup_stm32f427xx.o(RESET)
    __main                                   0x080001ad   Thumb Code     8  __main.o(!!!main)
    __scatterload                            0x080001b5   Thumb Code     0  __scatter.o(!!!scatter)
    __scatterload_rt2                        0x080001b5   Thumb Code    44  __scatter.o(!!!scatter)
    __scatterload_rt2_thumb_only             0x080001b5   Thumb Code     0  __scatter.o(!!!scatter)
    __scatterload_null                       0x080001c3   Thumb Code     0  __scatter.o(!!!scatter)
    __decompress                             0x080001e9   Thumb Code    90  __dczerorl2.o(!!dczerorl2)
    __decompress1                            0x080001e9   Thumb Code     0  __dczerorl2.o(!!dczerorl2)
    __scatterload_zeroinit                   0x08000245   Thumb Code    28  __scatter_zi.o(!!handler_zi)
    __rt_lib_init                            0x08000261   Thumb Code     0  libinit.o(.ARM.Collect$$libinit$$00000000)
    __rt_lib_init_fp_1                       0x08000263   Thumb Code     0  libinit2.o(.ARM.Collect$$libinit$$00000001)
    __rt_lib_init_alloca_1                   0x08000267   Thumb Code     0  libinit2.o(.ARM.Collect$$libinit$$0000002E)
    __rt_lib_init_argv_1                     0x08000267   Thumb Code     0  libinit2.o(.ARM.Collect$$libinit$$0000002C)
    __rt_lib_init_atexit_1                   0x08000267   Thumb Code     0  libinit2.o(.ARM.Collect$$libinit$$0000001B)
    __rt_lib_init_clock_1                    0x08000267   Thumb Code     0  libinit2.o(.ARM.Collect$$libinit$$00000021)
    __rt_lib_init_cpp_1                      0x08000267   Thumb Code     0  libinit2.o(.ARM.Collect$$libinit$$00000032)
    __rt_lib_init_exceptions_1               0x08000267   Thumb Code     0  libinit2.o(.ARM.Collect$$libinit$$00000030)
    __rt_lib_init_fp_trap_1                  0x08000267   Thumb Code     0  libinit2.o(.ARM.Collect$$libinit$$0000001F)
    __rt_lib_init_getenv_1                   0x08000267   Thumb Code     0  libinit2.o(.ARM.Collect$$libinit$$00000023)
    __rt_lib_init_heap_1                     0x08000267   Thumb Code     0  libinit2.o(.ARM.Collect$$libinit$$0000000A)
    __rt_lib_init_lc_collate_1               0x08000267   Thumb Code     0  libinit2.o(.ARM.Collect$$libinit$$00000011)
    __rt_lib_init_lc_ctype_1                 0x08000267   Thumb Code     0  libinit2.o(.ARM.Collect$$libinit$$00000013)
    __rt_lib_init_lc_monetary_1              0x08000267   Thumb Code     0  libinit2.o(.ARM.Collect$$libinit$$00000015)
    __rt_lib_init_lc_numeric_1               0x08000267   Thumb Code     0  libinit2.o(.ARM.Collect$$libinit$$00000017)
    __rt_lib_init_lc_time_1                  0x08000267   Thumb Code     0  libinit2.o(.ARM.Collect$$libinit$$00000019)
    __rt_lib_init_preinit_1                  0x08000267   Thumb Code     0  libinit2.o(.ARM.Collect$$libinit$$00000004)
    __rt_lib_init_rand_1                     0x08000267   Thumb Code     0  libinit2.o(.ARM.Collect$$libinit$$0000000E)
    __rt_lib_init_return                     0x08000267   Thumb Code     0  libinit2.o(.ARM.Collect$$libinit$$00000033)
    __rt_lib_init_signal_1                   0x08000267   Thumb Code     0  libinit2.o(.ARM.Collect$$libinit$$0000001D)
    __rt_lib_init_stdio_1                    0x08000267   Thumb Code     0  libinit2.o(.ARM.Collect$$libinit$$00000025)
    __rt_lib_init_user_alloc_1               0x08000267   Thumb Code     0  libinit2.o(.ARM.Collect$$libinit$$0000000C)
    __rt_lib_shutdown                        0x08000269   Thumb Code     0  libshutdown.o(.ARM.Collect$$libshutdown$$00000000)
    __rt_lib_shutdown_cpp_1                  0x0800026b   Thumb Code     0  libshutdown2.o(.ARM.Collect$$libshutdown$$00000004)
    __rt_lib_shutdown_fini_1                 0x0800026b   Thumb Code     0  libshutdown2.o(.ARM.Collect$$libshutdown$$00000002)
    __rt_lib_shutdown_fp_trap_1              0x0800026b   Thumb Code     0  libshutdown2.o(.ARM.Collect$$libshutdown$$00000009)
    __rt_lib_shutdown_heap_1                 0x0800026b   Thumb Code     0  libshutdown2.o(.ARM.Collect$$libshutdown$$00000011)
    __rt_lib_shutdown_return                 0x0800026b   Thumb Code     0  libshutdown2.o(.ARM.Collect$$libshutdown$$00000012)
    __rt_lib_shutdown_signal_1               0x0800026b   Thumb Code     0  libshutdown2.o(.ARM.Collect$$libshutdown$$0000000C)
    __rt_lib_shutdown_stdio_1                0x0800026b   Thumb Code     0  libshutdown2.o(.ARM.Collect$$libshutdown$$00000006)
    __rt_lib_shutdown_user_alloc_1           0x0800026b   Thumb Code     0  libshutdown2.o(.ARM.Collect$$libshutdown$$0000000E)
    __rt_entry                               0x0800026d   Thumb Code     0  __rtentry.o(.ARM.Collect$$rtentry$$00000000)
    __rt_entry_presh_1                       0x0800026d   Thumb Code     0  __rtentry2.o(.ARM.Collect$$rtentry$$00000002)
    __rt_entry_sh                            0x0800026d   Thumb Code     0  __rtentry4.o(.ARM.Collect$$rtentry$$00000004)
    __rt_entry_li                            0x08000273   Thumb Code     0  __rtentry2.o(.ARM.Collect$$rtentry$$0000000A)
    __rt_entry_postsh_1                      0x08000273   Thumb Code     0  __rtentry2.o(.ARM.Collect$$rtentry$$00000009)
    __rt_entry_main                          0x08000277   Thumb Code     0  __rtentry2.o(.ARM.Collect$$rtentry$$0000000D)
    __rt_entry_postli_1                      0x08000277   Thumb Code     0  __rtentry2.o(.ARM.Collect$$rtentry$$0000000C)
    __rt_exit                                0x0800027f   Thumb Code     0  rtexit.o(.ARM.Collect$$rtexit$$00000000)
    __rt_exit_ls                             0x08000281   Thumb Code     0  rtexit2.o(.ARM.Collect$$rtexit$$00000003)
    __rt_exit_prels_1                        0x08000281   Thumb Code     0  rtexit2.o(.ARM.Collect$$rtexit$$00000002)
    __rt_exit_exit                           0x08000285   Thumb Code     0  rtexit2.o(.ARM.Collect$$rtexit$$00000004)
    SVC_Handler                              0x0800028d   Thumb Code    28  port.o(.emb_text)
    __asm___6_port_c_39a90d8d__prvStartFirstTask 0x080002ad   Thumb Code    36  port.o(.emb_text)
    __asm___6_port_c_39a90d8d__prvEnableVFP  0x080002d5   Thumb Code    16  port.o(.emb_text)
    PendSV_Handler                           0x080002e9   Thumb Code    88  port.o(.emb_text)
    vPortGetIPSR                             0x08000345   Thumb Code     6  port.o(.emb_text)
    Reset_Handler                            0x0800034d   Thumb Code     8  startup_stm32f427xx.o(.text)
    ADC_IRQHandler                           0x08000367   Thumb Code     0  startup_stm32f427xx.o(.text)
    CAN1_RX1_IRQHandler                      0x08000367   Thumb Code     0  startup_stm32f427xx.o(.text)
    CAN1_SCE_IRQHandler                      0x08000367   Thumb Code     0  startup_stm32f427xx.o(.text)
    CAN1_TX_IRQHandler                       0x08000367   Thumb Code     0  startup_stm32f427xx.o(.text)
    CAN2_RX1_IRQHandler                      0x08000367   Thumb Code     0  startup_stm32f427xx.o(.text)
    CAN2_SCE_IRQHandler                      0x08000367   Thumb Code     0  startup_stm32f427xx.o(.text)
    CAN2_TX_IRQHandler                       0x08000367   Thumb Code     0  startup_stm32f427xx.o(.text)
    DCMI_IRQHandler                          0x08000367   Thumb Code     0  startup_stm32f427xx.o(.text)
    DMA1_Stream0_IRQHandler                  0x08000367   Thumb Code     0  startup_stm32f427xx.o(.text)
    DMA1_Stream1_IRQHandler                  0x08000367   Thumb Code     0  startup_stm32f427xx.o(.text)
    DMA1_Stream2_IRQHandler                  0x08000367   Thumb Code     0  startup_stm32f427xx.o(.text)
    DMA1_Stream3_IRQHandler                  0x08000367   Thumb Code     0  startup_stm32f427xx.o(.text)
    DMA1_Stream4_IRQHandler                  0x08000367   Thumb Code     0  startup_stm32f427xx.o(.text)
    DMA1_Stream5_IRQHandler                  0x08000367   Thumb Code     0  startup_stm32f427xx.o(.text)
    DMA1_Stream6_IRQHandler                  0x08000367   Thumb Code     0  startup_stm32f427xx.o(.text)
    DMA1_Stream7_IRQHandler                  0x08000367   Thumb Code     0  startup_stm32f427xx.o(.text)
    DMA2D_IRQHandler                         0x08000367   Thumb Code     0  startup_stm32f427xx.o(.text)
    DMA2_Stream0_IRQHandler                  0x08000367   Thumb Code     0  startup_stm32f427xx.o(.text)
    DMA2_Stream1_IRQHandler                  0x08000367   Thumb Code     0  startup_stm32f427xx.o(.text)
    DMA2_Stream3_IRQHandler                  0x08000367   Thumb Code     0  startup_stm32f427xx.o(.text)
    DMA2_Stream4_IRQHandler                  0x08000367   Thumb Code     0  startup_stm32f427xx.o(.text)
    DMA2_Stream5_IRQHandler                  0x08000367   Thumb Code     0  startup_stm32f427xx.o(.text)
    DMA2_Stream6_IRQHandler                  0x08000367   Thumb Code     0  startup_stm32f427xx.o(.text)
    DMA2_Stream7_IRQHandler                  0x08000367   Thumb Code     0  startup_stm32f427xx.o(.text)
    ETH_IRQHandler                           0x08000367   Thumb Code     0  startup_stm32f427xx.o(.text)
    ETH_WKUP_IRQHandler                      0x08000367   Thumb Code     0  startup_stm32f427xx.o(.text)
    EXTI0_IRQHandler                         0x08000367   Thumb Code     0  startup_stm32f427xx.o(.text)
    EXTI15_10_IRQHandler                     0x08000367   Thumb Code     0  startup_stm32f427xx.o(.text)
    EXTI1_IRQHandler                         0x08000367   Thumb Code     0  startup_stm32f427xx.o(.text)
    EXTI2_IRQHandler                         0x08000367   Thumb Code     0  startup_stm32f427xx.o(.text)
    EXTI3_IRQHandler                         0x08000367   Thumb Code     0  startup_stm32f427xx.o(.text)
    EXTI4_IRQHandler                         0x08000367   Thumb Code     0  startup_stm32f427xx.o(.text)
    EXTI9_5_IRQHandler                       0x08000367   Thumb Code     0  startup_stm32f427xx.o(.text)
    FLASH_IRQHandler                         0x08000367   Thumb Code     0  startup_stm32f427xx.o(.text)
    FMC_IRQHandler                           0x08000367   Thumb Code     0  startup_stm32f427xx.o(.text)
    FPU_IRQHandler                           0x08000367   Thumb Code     0  startup_stm32f427xx.o(.text)
    HASH_RNG_IRQHandler                      0x08000367   Thumb Code     0  startup_stm32f427xx.o(.text)
    I2C1_ER_IRQHandler                       0x08000367   Thumb Code     0  startup_stm32f427xx.o(.text)
    I2C1_EV_IRQHandler                       0x08000367   Thumb Code     0  startup_stm32f427xx.o(.text)
    I2C2_ER_IRQHandler                       0x08000367   Thumb Code     0  startup_stm32f427xx.o(.text)
    I2C2_EV_IRQHandler                       0x08000367   Thumb Code     0  startup_stm32f427xx.o(.text)
    I2C3_ER_IRQHandler                       0x08000367   Thumb Code     0  startup_stm32f427xx.o(.text)
    I2C3_EV_IRQHandler                       0x08000367   Thumb Code     0  startup_stm32f427xx.o(.text)
    OTG_FS_IRQHandler                        0x08000367   Thumb Code     0  startup_stm32f427xx.o(.text)
    OTG_FS_WKUP_IRQHandler                   0x08000367   Thumb Code     0  startup_stm32f427xx.o(.text)
    OTG_HS_EP1_IN_IRQHandler                 0x08000367   Thumb Code     0  startup_stm32f427xx.o(.text)
    OTG_HS_EP1_OUT_IRQHandler                0x08000367   Thumb Code     0  startup_stm32f427xx.o(.text)
    OTG_HS_IRQHandler                        0x08000367   Thumb Code     0  startup_stm32f427xx.o(.text)
    OTG_HS_WKUP_IRQHandler                   0x08000367   Thumb Code     0  startup_stm32f427xx.o(.text)
    PVD_IRQHandler                           0x08000367   Thumb Code     0  startup_stm32f427xx.o(.text)
    RCC_IRQHandler                           0x08000367   Thumb Code     0  startup_stm32f427xx.o(.text)
    RTC_Alarm_IRQHandler                     0x08000367   Thumb Code     0  startup_stm32f427xx.o(.text)
    RTC_WKUP_IRQHandler                      0x08000367   Thumb Code     0  startup_stm32f427xx.o(.text)
    SAI1_IRQHandler                          0x08000367   Thumb Code     0  startup_stm32f427xx.o(.text)
    SDIO_IRQHandler                          0x08000367   Thumb Code     0  startup_stm32f427xx.o(.text)
    SPI1_IRQHandler                          0x08000367   Thumb Code     0  startup_stm32f427xx.o(.text)
    SPI2_IRQHandler                          0x08000367   Thumb Code     0  startup_stm32f427xx.o(.text)
    SPI3_IRQHandler                          0x08000367   Thumb Code     0  startup_stm32f427xx.o(.text)
    SPI4_IRQHandler                          0x08000367   Thumb Code     0  startup_stm32f427xx.o(.text)
    SPI5_IRQHandler                          0x08000367   Thumb Code     0  startup_stm32f427xx.o(.text)
    SPI6_IRQHandler                          0x08000367   Thumb Code     0  startup_stm32f427xx.o(.text)
    TAMP_STAMP_IRQHandler                    0x08000367   Thumb Code     0  startup_stm32f427xx.o(.text)
    TIM1_BRK_TIM9_IRQHandler                 0x08000367   Thumb Code     0  startup_stm32f427xx.o(.text)
    TIM1_CC_IRQHandler                       0x08000367   Thumb Code     0  startup_stm32f427xx.o(.text)
    TIM1_TRG_COM_TIM11_IRQHandler            0x08000367   Thumb Code     0  startup_stm32f427xx.o(.text)
    TIM1_UP_TIM10_IRQHandler                 0x08000367   Thumb Code     0  startup_stm32f427xx.o(.text)
    TIM2_IRQHandler                          0x08000367   Thumb Code     0  startup_stm32f427xx.o(.text)
    TIM3_IRQHandler                          0x08000367   Thumb Code     0  startup_stm32f427xx.o(.text)
    TIM4_IRQHandler                          0x08000367   Thumb Code     0  startup_stm32f427xx.o(.text)
    TIM5_IRQHandler                          0x08000367   Thumb Code     0  startup_stm32f427xx.o(.text)
    TIM7_IRQHandler                          0x08000367   Thumb Code     0  startup_stm32f427xx.o(.text)
    TIM8_BRK_TIM12_IRQHandler                0x08000367   Thumb Code     0  startup_stm32f427xx.o(.text)
    TIM8_CC_IRQHandler                       0x08000367   Thumb Code     0  startup_stm32f427xx.o(.text)
    TIM8_TRG_COM_TIM14_IRQHandler            0x08000367   Thumb Code     0  startup_stm32f427xx.o(.text)
    TIM8_UP_TIM13_IRQHandler                 0x08000367   Thumb Code     0  startup_stm32f427xx.o(.text)
    UART4_IRQHandler                         0x08000367   Thumb Code     0  startup_stm32f427xx.o(.text)
    UART5_IRQHandler                         0x08000367   Thumb Code     0  startup_stm32f427xx.o(.text)
    UART7_IRQHandler                         0x08000367   Thumb Code     0  startup_stm32f427xx.o(.text)
    UART8_IRQHandler                         0x08000367   Thumb Code     0  startup_stm32f427xx.o(.text)
    USART2_IRQHandler                        0x08000367   Thumb Code     0  startup_stm32f427xx.o(.text)
    USART3_IRQHandler                        0x08000367   Thumb Code     0  startup_stm32f427xx.o(.text)
    USART6_IRQHandler                        0x08000367   Thumb Code     0  startup_stm32f427xx.o(.text)
    WWDG_IRQHandler                          0x08000367   Thumb Code     0  startup_stm32f427xx.o(.text)
    __user_initial_stackheap                 0x08000369   Thumb Code     0  startup_stm32f427xx.o(.text)
    __aeabi_uldivmod                         0x0800038d   Thumb Code     0  lludivv7m.o(.text)
    _ll_udiv                                 0x0800038d   Thumb Code   238  lludivv7m.o(.text)
    __aeabi_memcpy                           0x0800047b   Thumb Code     0  rt_memcpy_v6.o(.text)
    __rt_memcpy                              0x0800047b   Thumb Code   138  rt_memcpy_v6.o(.text)
    _memcpy_lastbytes                        0x080004e1   Thumb Code     0  rt_memcpy_v6.o(.text)
    __aeabi_memcpy4                          0x08000505   Thumb Code     0  rt_memcpy_w.o(.text)
    __aeabi_memcpy8                          0x08000505   Thumb Code     0  rt_memcpy_w.o(.text)
    __rt_memcpy_w                            0x08000505   Thumb Code   100  rt_memcpy_w.o(.text)
    _memcpy_lastbytes_aligned                0x0800054d   Thumb Code     0  rt_memcpy_w.o(.text)
    __aeabi_memclr4                          0x08000569   Thumb Code     0  rt_memclr_w.o(.text)
    __aeabi_memclr8                          0x08000569   Thumb Code     0  rt_memclr_w.o(.text)
    __rt_memclr_w                            0x08000569   Thumb Code    78  rt_memclr_w.o(.text)
    _memset_w                                0x0800056d   Thumb Code     0  rt_memclr_w.o(.text)
    __use_two_region_memory                  0x080005b7   Thumb Code     2  heapauxi.o(.text)
    __rt_heap_escrow$2region                 0x080005b9   Thumb Code     2  heapauxi.o(.text)
    __rt_heap_expand$2region                 0x080005bb   Thumb Code     2  heapauxi.o(.text)
    __user_setup_stackheap                   0x080005bd   Thumb Code    74  sys_stackheap_outer.o(.text)
    exit                                     0x08000607   Thumb Code    18  exit.o(.text)
    __user_libspace                          0x08000619   Thumb Code     8  libspace.o(.text)
    __user_perproc_libspace                  0x08000619   Thumb Code     0  libspace.o(.text)
    __user_perthread_libspace                0x08000619   Thumb Code     0  libspace.o(.text)
    _sys_exit                                0x08000621   Thumb Code     8  sys_exit.o(.text)
    __I$use$semihosting                      0x0800062d   Thumb Code     0  use_no_semi.o(.text)
    __use_no_semihosting_swi                 0x0800062d   Thumb Code     2  use_no_semi.o(.text)
    __semihosting_library_function           0x0800062f   Thumb Code     0  indicate_semi.o(.text)
    AllCanSend                               0x08000631   Thumb Code    36  task_cansend.o(i.AllCanSend)
    BusFault_Handler                         0x08000659   Thumb Code     2  stm32f4xx_it.o(i.BusFault_Handler)
    CAN1_RX0_IRQHandler                      0x0800065d   Thumb Code    36  stm32f4xx_it.o(i.CAN1_RX0_IRQHandler)
    CAN2_RX0_IRQHandler                      0x0800068d   Thumb Code    36  stm32f4xx_it.o(i.CAN2_RX0_IRQHandler)
    CAN_0x1FF_SendData                       0x080006bd   Thumb Code    68  monitor_rm_can.o(i.CAN_0x1FF_SendData)
    CAN_0x200_SendData                       0x08000709   Thumb Code    68  monitor_rm_can.o(i.CAN_0x200_SendData)
    CAN_0x2FF_SendData                       0x08000755   Thumb Code    68  monitor_rm_can.o(i.CAN_0x2FF_SendData)
    CAN_0x601_SendData                       0x080007a1   Thumb Code    24  monitor_rm_can.o(i.CAN_0x601_SendData)
    CAN_IT_Init                              0x080007c1   Thumb Code    70  bsp_can.o(i.CAN_IT_Init)
    CAN_RxMessage_Export_Date                0x0800080d   Thumb Code    86  bsp_can.o(i.CAN_RxMessage_Export_Date)
    CAN_SendControl                          0x08000869   Thumb Code    72  robot_control.o(i.CAN_SendControl)
    CAN_SendData                             0x080008c5   Thumb Code    52  bsp_can.o(i.CAN_SendData)
    CIMU_Reset                               0x080008f9   Thumb Code    18  dji_c_imu.o(i.CIMU_Reset)
    Can1Receives                             0x0800090d   Thumb Code    76  task_canmsg.o(i.Can1Receives)
    Can2Receives                             0x08000965   Thumb Code   110  task_canmsg.o(i.Can2Receives)
    Chassis_Follow                           0x080009e1   Thumb Code    74  chassis.o(i.Chassis_Follow)
    Chassis_Move                             0x08000a41   Thumb Code    92  chassis.o(i.Chassis_Move)
    Check_CAN                                0x08000aa5   Thumb Code    44  bsp_can.o(i.Check_CAN)
    Check_DJI_C_IMU                          0x08000ad5   Thumb Code    22  dji_c_imu.o(i.Check_DJI_C_IMU)
    Check_FrictionM3508                      0x08000af5   Thumb Code    42  m3508_motor.o(i.Check_FrictionM3508)
    Check_M6020                              0x08000b25   Thumb Code    46  m6020_motor.o(i.Check_M6020)
    Check_WheelM3508                         0x08000b59   Thumb Code    36  m3508_motor.o(i.Check_WheelM3508)
    Cloud_IMUYAWIPID                         0x08000b81   Thumb Code   170  pid.o(i.Cloud_IMUYAWIPID)
    Cloud_IMUYAWOPID                         0x08000c31   Thumb Code   138  pid.o(i.Cloud_IMUYAWOPID)
    Cloud_PITCHIPID                          0x08000cc1   Thumb Code   170  pid.o(i.Cloud_PITCHIPID)
    Cloud_PITCHOPID                          0x08000d71   Thumb Code   138  pid.o(i.Cloud_PITCHOPID)
    Cloud_Pitch_PID                          0x08000e01   Thumb Code   142  cloud.o(i.Cloud_Pitch_PID)
    Cloud_Yaw_PID                            0x08000eb9   Thumb Code   106  cloud.o(i.Cloud_Yaw_PID)
    ComputeMinOffset                         0x08000f39   Thumb Code    30  chassis.o(i.ComputeMinOffset)
    DJI_C_Euler_getInfo                      0x08000f59   Thumb Code    30  dji_c_imu.o(i.DJI_C_Euler_getInfo)
    DJI_C_Gyro_getInfo                       0x08000f7d   Thumb Code    24  dji_c_imu.o(i.DJI_C_Gyro_getInfo)
    DMA2_Stream2_IRQHandler                  0x08000f99   Thumb Code     6  stm32f4xx_it.o(i.DMA2_Stream2_IRQHandler)
    DebugMon_Handler                         0x08001049   Thumb Code     2  stm32f4xx_it.o(i.DebugMon_Handler)
    Error_Handler                            0x0800104b   Thumb Code     4  main.o(i.Error_Handler)
    Fixed_Sampling                           0x08001051   Thumb Code    42  task_sampling.o(i.Fixed_Sampling)
    HAL_CAN_AddTxMessage                     0x08001085   Thumb Code   220  stm32f4xx_hal_can.o(i.HAL_CAN_AddTxMessage)
    HAL_CAN_ConfigFilter                     0x08001161   Thumb Code   262  stm32f4xx_hal_can.o(i.HAL_CAN_ConfigFilter)
    HAL_CAN_ErrorCallback                    0x0800126d   Thumb Code     2  stm32f4xx_hal_can.o(i.HAL_CAN_ErrorCallback)
    HAL_CAN_GetRxMessage                     0x0800126f   Thumb Code   232  stm32f4xx_hal_can.o(i.HAL_CAN_GetRxMessage)
    HAL_CAN_IRQHandler                       0x08001357   Thumb Code   508  stm32f4xx_hal_can.o(i.HAL_CAN_IRQHandler)
    HAL_CAN_Init                             0x08001553   Thumb Code   282  stm32f4xx_hal_can.o(i.HAL_CAN_Init)
    HAL_CAN_MspInit                          0x0800166d   Thumb Code   228  can.o(i.HAL_CAN_MspInit)
    HAL_CAN_RxFifo0FullCallback              0x08001769   Thumb Code     2  stm32f4xx_hal_can.o(i.HAL_CAN_RxFifo0FullCallback)
    HAL_CAN_RxFifo0MsgPendingCallback        0x0800176b   Thumb Code     2  stm32f4xx_hal_can.o(i.HAL_CAN_RxFifo0MsgPendingCallback)
    HAL_CAN_RxFifo1FullCallback              0x0800176d   Thumb Code     2  stm32f4xx_hal_can.o(i.HAL_CAN_RxFifo1FullCallback)
    HAL_CAN_RxFifo1MsgPendingCallback        0x0800176f   Thumb Code     2  stm32f4xx_hal_can.o(i.HAL_CAN_RxFifo1MsgPendingCallback)
    HAL_CAN_SleepCallback                    0x08001771   Thumb Code     2  stm32f4xx_hal_can.o(i.HAL_CAN_SleepCallback)
    HAL_CAN_Start                            0x08001775   Thumb Code    88  stm32f4xx_hal_can.o(i.HAL_CAN_Start)
    HAL_CAN_TxMailbox0AbortCallback          0x080017cd   Thumb Code     2  stm32f4xx_hal_can.o(i.HAL_CAN_TxMailbox0AbortCallback)
    HAL_CAN_TxMailbox0CompleteCallback       0x080017cf   Thumb Code     2  stm32f4xx_hal_can.o(i.HAL_CAN_TxMailbox0CompleteCallback)
    HAL_CAN_TxMailbox1AbortCallback          0x080017d1   Thumb Code     2  stm32f4xx_hal_can.o(i.HAL_CAN_TxMailbox1AbortCallback)
    HAL_CAN_TxMailbox1CompleteCallback       0x080017d3   Thumb Code     2  stm32f4xx_hal_can.o(i.HAL_CAN_TxMailbox1CompleteCallback)
    HAL_CAN_TxMailbox2AbortCallback          0x080017d5   Thumb Code     2  stm32f4xx_hal_can.o(i.HAL_CAN_TxMailbox2AbortCallback)
    HAL_CAN_TxMailbox2CompleteCallback       0x080017d7   Thumb Code     2  stm32f4xx_hal_can.o(i.HAL_CAN_TxMailbox2CompleteCallback)
    HAL_CAN_WakeUpFromRxMsgCallback          0x080017d9   Thumb Code     2  stm32f4xx_hal_can.o(i.HAL_CAN_WakeUpFromRxMsgCallback)
    HAL_DMA_Abort                            0x080017db   Thumb Code   146  stm32f4xx_hal_dma.o(i.HAL_DMA_Abort)
    HAL_DMA_Abort_IT                         0x0800186d   Thumb Code    36  stm32f4xx_hal_dma.o(i.HAL_DMA_Abort_IT)
    HAL_DMA_IRQHandler                       0x08001891   Thumb Code   412  stm32f4xx_hal_dma.o(i.HAL_DMA_IRQHandler)
    HAL_DMA_Init                             0x08001a31   Thumb Code   206  stm32f4xx_hal_dma.o(i.HAL_DMA_Init)
    HAL_DMA_Start_IT                         0x08001b05   Thumb Code   110  stm32f4xx_hal_dma.o(i.HAL_DMA_Start_IT)
    HAL_GPIO_Init                            0x08001b75   Thumb Code   510  stm32f4xx_hal_gpio.o(i.HAL_GPIO_Init)
    HAL_GetTick                              0x08001da9   Thumb Code     6  stm32f4xx_hal.o(i.HAL_GetTick)
    HAL_IncTick                              0x08001db5   Thumb Code    12  stm32f4xx_hal.o(i.HAL_IncTick)
    HAL_Init                                 0x08001dc5   Thumb Code    48  stm32f4xx_hal.o(i.HAL_Init)
    HAL_InitTick                             0x08001df9   Thumb Code   100  stm32f4xx_hal_timebase_tim.o(i.HAL_InitTick)
    HAL_MspInit                              0x08001e6d   Thumb Code    52  stm32f4xx_hal_msp.o(i.HAL_MspInit)
    HAL_NVIC_EnableIRQ                       0x08001ea5   Thumb Code    26  stm32f4xx_hal_cortex.o(i.HAL_NVIC_EnableIRQ)
    HAL_NVIC_SetPriority                     0x08001ec1   Thumb Code    60  stm32f4xx_hal_cortex.o(i.HAL_NVIC_SetPriority)
    HAL_NVIC_SetPriorityGrouping             0x08001f01   Thumb Code    26  stm32f4xx_hal_cortex.o(i.HAL_NVIC_SetPriorityGrouping)
    HAL_RCC_ClockConfig                      0x08001f25   Thumb Code   288  stm32f4xx_hal_rcc.o(i.HAL_RCC_ClockConfig)
    HAL_RCC_GetClockConfig                   0x08002059   Thumb Code    54  stm32f4xx_hal_rcc.o(i.HAL_RCC_GetClockConfig)
    HAL_RCC_GetPCLK1Freq                     0x08002099   Thumb Code    20  stm32f4xx_hal_rcc.o(i.HAL_RCC_GetPCLK1Freq)
    HAL_RCC_GetPCLK2Freq                     0x080020b9   Thumb Code    20  stm32f4xx_hal_rcc.o(i.HAL_RCC_GetPCLK2Freq)
    HAL_RCC_GetSysClockFreq                  0x080020d9   Thumb Code    88  stm32f4xx_hal_rcc.o(i.HAL_RCC_GetSysClockFreq)
    HAL_RCC_OscConfig                        0x0800213d   Thumb Code   856  stm32f4xx_hal_rcc.o(i.HAL_RCC_OscConfig)
    HAL_SPI_Init                             0x080024a9   Thumb Code   188  stm32f4xx_hal_spi.o(i.HAL_SPI_Init)
    HAL_SPI_MspInit                          0x08002565   Thumb Code    94  spi.o(i.HAL_SPI_MspInit)
    HAL_TIMEx_BreakCallback                  0x080025d1   Thumb Code     2  stm32f4xx_hal_tim_ex.o(i.HAL_TIMEx_BreakCallback)
    HAL_TIMEx_CommutCallback                 0x080025d3   Thumb Code     2  stm32f4xx_hal_tim_ex.o(i.HAL_TIMEx_CommutCallback)
    HAL_TIM_Base_Init                        0x080025d5   Thumb Code    90  stm32f4xx_hal_tim.o(i.HAL_TIM_Base_Init)
    HAL_TIM_Base_MspInit                     0x0800262f   Thumb Code     2  stm32f4xx_hal_tim.o(i.HAL_TIM_Base_MspInit)
    HAL_TIM_Base_Start_IT                    0x08002631   Thumb Code   100  stm32f4xx_hal_tim.o(i.HAL_TIM_Base_Start_IT)
    HAL_TIM_IC_CaptureCallback               0x080026b1   Thumb Code     2  stm32f4xx_hal_tim.o(i.HAL_TIM_IC_CaptureCallback)
    HAL_TIM_IRQHandler                       0x080026b3   Thumb Code   358  stm32f4xx_hal_tim.o(i.HAL_TIM_IRQHandler)
    HAL_TIM_OC_DelayElapsedCallback          0x08002819   Thumb Code     2  stm32f4xx_hal_tim.o(i.HAL_TIM_OC_DelayElapsedCallback)
    HAL_TIM_PWM_PulseFinishedCallback        0x0800281b   Thumb Code     2  stm32f4xx_hal_tim.o(i.HAL_TIM_PWM_PulseFinishedCallback)
    HAL_TIM_PeriodElapsedCallback            0x0800281d   Thumb Code    14  main.o(i.HAL_TIM_PeriodElapsedCallback)
    HAL_TIM_TriggerCallback                  0x08002831   Thumb Code     2  stm32f4xx_hal_tim.o(i.HAL_TIM_TriggerCallback)
    HAL_UARTEx_RxEventCallback               0x08002833   Thumb Code     2  stm32f4xx_hal_uart.o(i.HAL_UARTEx_RxEventCallback)
    HAL_UART_ErrorCallback                   0x08002835   Thumb Code     2  stm32f4xx_hal_uart.o(i.HAL_UART_ErrorCallback)
    HAL_UART_IRQHandler                      0x08002839   Thumb Code   610  stm32f4xx_hal_uart.o(i.HAL_UART_IRQHandler)
    HAL_UART_Init                            0x08002aa1   Thumb Code    98  stm32f4xx_hal_uart.o(i.HAL_UART_Init)
    HAL_UART_MspInit                         0x08002b05   Thumb Code   156  usart.o(i.HAL_UART_MspInit)
    HAL_UART_Receive_DMA                     0x08002bb5   Thumb Code    42  stm32f4xx_hal_uart.o(i.HAL_UART_Receive_DMA)
    HAL_UART_RxCpltCallback                  0x08002be1   Thumb Code   118  dr16_remote.o(i.HAL_UART_RxCpltCallback)
    HAL_UART_RxHalfCpltCallback              0x08002c5d   Thumb Code     2  stm32f4xx_hal_uart.o(i.HAL_UART_RxHalfCpltCallback)
    HAL_UART_TxCpltCallback                  0x08002c5f   Thumb Code     2  stm32f4xx_hal_uart.o(i.HAL_UART_TxCpltCallback)
    HardFault_Handler                        0x08002c61   Thumb Code     2  stm32f4xx_it.o(i.HardFault_Handler)
    Incremental_PID                          0x08002c63   Thumb Code   162  pid.o(i.Incremental_PID)
    M3508_Friction_getInfo                   0x08002d05   Thumb Code    62  m3508_motor.o(i.M3508_Friction_getInfo)
    M3508_getInfo                            0x08002d49   Thumb Code    50  m3508_motor.o(i.M3508_getInfo)
    M6020_Reset                              0x08002d81   Thumb Code    22  m6020_motor.o(i.M6020_Reset)
    M6020_getInfo                            0x08002d99   Thumb Code   146  m6020_motor.o(i.M6020_getInfo)
    M6020_setTargetAngle                     0x08002e35   Thumb Code     4  m6020_motor.o(i.M6020_setTargetAngle)
    MX_CAN1_Init                             0x08002e39   Thumb Code    60  can.o(i.MX_CAN1_Init)
    MX_CAN2_Init                             0x08002e7d   Thumb Code    60  can.o(i.MX_CAN2_Init)
    MX_DMA_Init                              0x08002ec1   Thumb Code    40  dma.o(i.MX_DMA_Init)
    MX_FREERTOS_Init                         0x08002eed   Thumb Code   190  freertos.o(i.MX_FREERTOS_Init)
    MX_GPIO_Init                             0x08002fb5   Thumb Code    86  gpio.o(i.MX_GPIO_Init)
    MX_SPI5_Init                             0x08003011   Thumb Code    62  spi.o(i.MX_SPI5_Init)
    MX_USART1_UART_Init                      0x08003059   Thumb Code    54  usart.o(i.MX_USART1_UART_Init)
    MecanumCalculate                         0x0800309d   Thumb Code    98  chassis.o(i.MecanumCalculate)
    MemManage_Handler                        0x08003105   Thumb Code     2  stm32f4xx_it.o(i.MemManage_Handler)
    NMI_Handler                              0x08003107   Thumb Code     2  stm32f4xx_it.o(i.NMI_Handler)
    Position_PID                             0x08003109   Thumb Code   130  pid.o(i.Position_PID)
    Robot_control                            0x0800318d   Thumb Code   134  robot_control.o(i.Robot_control)
    StartDefaultTask                         0x0800322d   Thumb Code     8  freertos.o(i.StartDefaultTask)
    SysTick_Handler                          0x08003235   Thumb Code    38  port.o(i.SysTick_Handler)
    SystemClock_Config                       0x08003261   Thumb Code   140  main.o(i.SystemClock_Config)
    SystemInit                               0x080032f5   Thumb Code    12  system_stm32f4xx.o(i.SystemInit)
    TIM6_DAC_IRQHandler                      0x08003305   Thumb Code     6  stm32f4xx_it.o(i.TIM6_DAC_IRQHandler)
    TIM_Base_SetConfig                       0x08003311   Thumb Code   156  stm32f4xx_hal_tim.o(i.TIM_Base_SetConfig)
    UART_Start_Receive_DMA                   0x08003705   Thumb Code   130  stm32f4xx_hal_uart.o(i.UART_Start_Receive_DMA)
    USART1_IRQHandler                        0x08003795   Thumb Code     6  stm32f4xx_it.o(i.USART1_IRQHandler)
    Updata_Hand_Euler_Gyro_Data              0x080037a1   Thumb Code   142  dji_c_imu.o(i.Updata_Hand_Euler_Gyro_Data)
    UsageFault_Handler                       0x0800384d   Thumb Code     2  stm32f4xx_it.o(i.UsageFault_Handler)
    cloud_Mpu                                0x08003899   Thumb Code    26  cloud.o(i.cloud_Mpu)
    main                                     0x080038bd   Thumb Code    70  main.o(i.main)
    osDelay                                  0x08003925   Thumb Code    14  cmsis_os.o(i.osDelay)
    osKernelStart                            0x08003933   Thumb Code    10  cmsis_os.o(i.osKernelStart)
    osMessageCreate                          0x0800393d   Thumb Code    38  cmsis_os.o(i.osMessageCreate)
    osThreadCreate                           0x08003963   Thumb Code    84  cmsis_os.o(i.osThreadCreate)
    pvPortMalloc                             0x08003e39   Thumb Code   216  heap_4.o(i.pvPortMalloc)
    pxPortInitialiseStack                    0x08003f15   Thumb Code    40  port.o(i.pxPortInitialiseStack)
    uxListRemove                             0x08003f41   Thumb Code    38  list.o(i.uxListRemove)
    vApplicationGetIdleTaskMemory            0x08003f69   Thumb Code    16  freertos.o(i.vApplicationGetIdleTaskMemory)
    vListInitialise                          0x08003f7d   Thumb Code    22  list.o(i.vListInitialise)
    vListInitialiseItem                      0x08003f93   Thumb Code     6  list.o(i.vListInitialiseItem)
    vListInsert                              0x08003f99   Thumb Code    48  list.o(i.vListInsert)
    vListInsertEnd                           0x08003fc9   Thumb Code    24  list.o(i.vListInsertEnd)
    vPortEnterCritical                       0x08003fe1   Thumb Code    54  port.o(i.vPortEnterCritical)
    vPortExitCritical                        0x08004021   Thumb Code    34  port.o(i.vPortExitCritical)
    vPortFree                                0x08004049   Thumb Code    94  heap_4.o(i.vPortFree)
    vPortSetupTimerInterrupt                 0x080040ad   Thumb Code    32  port.o(i.vPortSetupTimerInterrupt)
    vPortValidateInterruptPriority           0x080040d1   Thumb Code    74  port.o(i.vPortValidateInterruptPriority)
    vTaskDelay                               0x08004125   Thumb Code    66  tasks.o(i.vTaskDelay)
    vTaskDelayUntil                          0x08004171   Thumb Code   132  tasks.o(i.vTaskDelayUntil)
    vTaskInternalSetTimeOutState             0x080041fd   Thumb Code    12  tasks.o(i.vTaskInternalSetTimeOutState)
    vTaskMissedYield                         0x0800420d   Thumb Code     8  tasks.o(i.vTaskMissedYield)
    vTaskPlaceOnEventList                    0x08004219   Thumb Code    44  tasks.o(i.vTaskPlaceOnEventList)
    vTaskStartScheduler                      0x08004249   Thumb Code    90  tasks.o(i.vTaskStartScheduler)
    vTaskSuspendAll                          0x080042b5   Thumb Code    10  tasks.o(i.vTaskSuspendAll)
    vTaskSwitchContext                       0x080042c5   Thumb Code    82  tasks.o(i.vTaskSwitchContext)
    xPortStartScheduler                      0x08004321   Thumb Code   222  port.o(i.xPortStartScheduler)
    xQueueGenericCreate                      0x08004415   Thumb Code    66  queue.o(i.xQueueGenericCreate)
    xQueueGenericCreateStatic                0x08004457   Thumb Code   102  queue.o(i.xQueueGenericCreateStatic)
    xQueueGenericReset                       0x080044bd   Thumb Code   132  queue.o(i.xQueueGenericReset)
    xQueueGenericSend                        0x08004545   Thumb Code   346  queue.o(i.xQueueGenericSend)
    xQueueGenericSendFromISR                 0x080046a5   Thumb Code   190  queue.o(i.xQueueGenericSendFromISR)
    xQueueReceive                            0x08004765   Thumb Code   308  queue.o(i.xQueueReceive)
    xTaskCheckForTimeOut                     0x0800489d   Thumb Code   112  tasks.o(i.xTaskCheckForTimeOut)
    xTaskCreate                              0x08004911   Thumb Code    90  tasks.o(i.xTaskCreate)
    xTaskCreateStatic                        0x0800496b   Thumb Code    86  tasks.o(i.xTaskCreateStatic)
    xTaskGetSchedulerState                   0x080049c1   Thumb Code    22  tasks.o(i.xTaskGetSchedulerState)
    xTaskGetTickCount                        0x080049dd   Thumb Code     6  tasks.o(i.xTaskGetTickCount)
    xTaskIncrementTick                       0x080049e9   Thumb Code   194  tasks.o(i.xTaskIncrementTick)
    xTaskPriorityDisinherit                  0x08004ab5   Thumb Code   144  tasks.o(i.xTaskPriorityDisinherit)
    xTaskRemoveFromEventList                 0x08004b4d   Thumb Code   108  tasks.o(i.xTaskRemoveFromEventList)
    xTaskResumeAll                           0x08004bc1   Thumb Code   182  tasks.o(i.xTaskResumeAll)
    __aeabi_d2f                              0x08004c85   Thumb Code     0  d2f.o(x$fpl$d2f)
    _d2f                                     0x08004c85   Thumb Code    98  d2f.o(x$fpl$d2f)
    __aeabi_dadd                             0x08004ce9   Thumb Code     0  daddsub_clz.o(x$fpl$dadd)
    _dadd                                    0x08004ce9   Thumb Code   332  daddsub_clz.o(x$fpl$dadd)
    __aeabi_i2d                              0x08004e39   Thumb Code     0  dflt_clz.o(x$fpl$dflt)
    _dflt                                    0x08004e39   Thumb Code    46  dflt_clz.o(x$fpl$dflt)
    __aeabi_dmul                             0x08004e69   Thumb Code     0  dmul.o(x$fpl$dmul)
    _dmul                                    0x08004e69   Thumb Code   332  dmul.o(x$fpl$dmul)
    __fpl_dnaninf                            0x08004fbd   Thumb Code   156  dnaninf.o(x$fpl$dnaninf)
    __fpl_dretinf                            0x08005059   Thumb Code    12  dretinf.o(x$fpl$dretinf)
    __aeabi_dsub                             0x08005065   Thumb Code     0  daddsub_clz.o(x$fpl$dsub)
    _dsub                                    0x08005065   Thumb Code   464  daddsub_clz.o(x$fpl$dsub)
    __aeabi_f2d                              0x08005239   Thumb Code     0  f2d.o(x$fpl$f2d)
    _f2d                                     0x08005239   Thumb Code    86  f2d.o(x$fpl$f2d)
    __fpl_fnaninf                            0x0800528f   Thumb Code   140  fnaninf.o(x$fpl$fnaninf)
    _fp_init                                 0x0800531b   Thumb Code    10  fpinit.o(x$fpl$fpinit)
    __fplib_config_fpu_vfp                   0x08005323   Thumb Code     0  fpinit.o(x$fpl$fpinit)
    __fplib_config_pureend_doubles           0x08005323   Thumb Code     0  fpinit.o(x$fpl$fpinit)
    __fpl_fretinf                            0x08005325   Thumb Code    10  fretinf.o(x$fpl$fretinf)
    __I$use$fp                               0x0800532e   Number         0  usenofp.o(x$fpl$usenofp)
    AHBPrescTable                            0x080053f4   Data          16  system_stm32f4xx.o(.constdata)
    APBPrescTable                            0x08005404   Data           8  system_stm32f4xx.o(.constdata)
    Region$$Table$$Base                      0x08005458   Number         0  anon$$obj.o(Region$$Table)
    Region$$Table$$Limit                     0x08005478   Number         0  anon$$obj.o(Region$$Table)
    defaultTaskHandle                        0x20000000   Data           4  freertos.o(.data)
    Task_Can1MsgRecHandle                    0x20000004   Data           4  freertos.o(.data)
    Task_Can2MsgRecHandle                    0x20000008   Data           4  freertos.o(.data)
    Task_CanSendHandle                       0x2000000c   Data           4  freertos.o(.data)
    Task_SamplingHandle                      0x20000010   Data           4  freertos.o(.data)
    CAN1_ReceiveHandle                       0x20000014   Data           4  freertos.o(.data)
    CAN2_ReceiveHandle                       0x20000018   Data           4  freertos.o(.data)
    CAN_SendHandle                           0x2000001c   Data           4  freertos.o(.data)
    uwTickFreq                               0x20000024   Data           1  stm32f4xx_hal.o(.data)
    uwTickPrio                               0x20000028   Data           4  stm32f4xx_hal.o(.data)
    uwTick                                   0x2000002c   Data           4  stm32f4xx_hal.o(.data)
    SystemCoreClock                          0x20000030   Data           4  system_stm32f4xx.o(.data)
    pxCurrentTCB                             0x20000034   Data           4  tasks.o(.data)
    Can_Fun                                  0x2000009c   Data          16  bsp_can.o(.data)
    Monitor_CAN                              0x200000ac   Data           8  bsp_can.o(.data)
    Monitor_CAN1                             0x200000b4   Data           6  bsp_can.o(.data)
    Monitor_CAN2                             0x200000ba   Data           6  bsp_can.o(.data)
    DJI_C_IMUFUN                             0x200000c0   Data          20  dji_c_imu.o(.data)
    DJI_C_Euler_Receive                      0x200000d4   Data           8  dji_c_imu.o(.data)
    DJI_C_Gyro_Receive                       0x200000dc   Data           8  dji_c_imu.o(.data)
    M3508_Power                              0x200000e4   Data           8  m3508_motor.o(.data)
    M3508_FUN                                0x200000ec   Data          16  m3508_motor.o(.data)
    M6020_Array                              0x200000fc   Data           8  m6020_motor.o(.data)
    M6020_Fun                                0x20000104   Data          16  m6020_motor.o(.data)
    LFWheel_PID                              0x20000118   Data          60  chassis.o(.data)
    RFWheel_PID                              0x20000154   Data          60  chassis.o(.data)
    LBWheel_PID                              0x20000190   Data          60  chassis.o(.data)
    RBWheel_PID                              0x200001cc   Data          60  chassis.o(.data)
    Wheel_PID                                0x20000210   Data          16  chassis.o(.data)
    FollowYawAttitude_pid                    0x20000220   Data          64  chassis.o(.data)
    FollowYawSpeed_pid                       0x20000260   Data          64  chassis.o(.data)
    YawAttitude_PID                          0x200002a0   Data          64  cloud.o(.data)
    YawSpeed_PID                             0x200002e0   Data          64  cloud.o(.data)
    M6020s_PitchOPID                         0x20000320   Data          64  cloud.o(.data)
    M6020s_PitchIPID                         0x20000360   Data          64  cloud.o(.data)
    Monitor_CAN_FUN                          0x200003a0   Data          16  monitor_rm_can.o(.data)
    hcan1                                    0x20000604   Data          40  can.o(.bss)
    hcan2                                    0x2000062c   Data          40  can.o(.bss)
    hspi5                                    0x20000654   Data          88  spi.o(.bss)
    huart1                                   0x200006ac   Data          68  usart.o(.bss)
    hdma_usart1_rx                           0x200006f0   Data          96  usart.o(.bss)
    htim6                                    0x20000750   Data          72  stm32f4xx_hal_timebase_tim.o(.bss)
    Can_Data                                 0x20004488   Data         152  bsp_can.o(.bss)
    DJI_C_IMU                                0x20004520   Data          32  dji_c_imu.o(.bss)
    RC_Ctl                                   0x20004540   Data          20  dr16_remote.o(.bss)
    DBUS_RX_buffer                           0x20004554   Data          18  dr16_remote.o(.bss)
    M3508s                                   0x20004568   Data         128  m3508_motor.o(.bss)
    M3508_PowerL                             0x200045e8   Data          32  m3508_motor.o(.bss)
    M3508_PowerR                             0x20004608   Data          32  m3508_motor.o(.bss)
    M6020s_Yaw                               0x20004628   Data          36  m6020_motor.o(.bss)
    M6020s_Pitch                             0x2000464c   Data          36  m6020_motor.o(.bss)
    Chassis                                  0x20004670   Data          16  chassis.o(.bss)
    Cloud_Yaw                                0x20004698   Data          24  cloud.o(.bss)
    Cloud_Pitch                              0x200046b0   Data          24  cloud.o(.bss)
    __libspace_start                         0x200046c8   Data          96  libspace.o(.bss)
    __temporary_stack_top$libspace           0x20004728   Data           0  libspace.o(.bss)



==============================================================================

Memory Map of the image

  Image Entry point : 0x080001ad

  Load Region LR_IROM1 (Base: 0x08000000, Size: 0x00005828, Max: 0x00200000, ABSOLUTE, COMPRESSED[0x00005568])

    Execution Region ER_IROM1 (Exec base: 0x08000000, Load base: 0x08000000, Size: 0x00005478, Max: 0x00200000, ABSOLUTE)

    Exec Addr    Load Addr    Size         Type   Attr      Idx    E Section Name        Object

    0x08000000   0x08000000   0x000001ac   Data   RO            3    RESET               startup_stm32f427xx.o
    0x080001ac   0x080001ac   0x00000008   Code   RO         6008  * !!!main             c_w.l(__main.o)
    0x080001b4   0x080001b4   0x00000034   Code   RO         6214    !!!scatter          c_w.l(__scatter.o)
    0x080001e8   0x080001e8   0x0000005a   Code   RO         6212    !!dczerorl2         c_w.l(__dczerorl2.o)
    0x08000242   0x08000242   0x00000002   PAD
    0x08000244   0x08000244   0x0000001c   Code   RO         6216    !!handler_zi        c_w.l(__scatter_zi.o)
    0x08000260   0x08000260   0x00000002   Code   RO         6080    .ARM.Collect$$libinit$$00000000  c_w.l(libinit.o)
    0x08000262   0x08000262   0x00000004   Code   RO         6092    .ARM.Collect$$libinit$$00000001  c_w.l(libinit2.o)
    0x08000266   0x08000266   0x00000000   Code   RO         6095    .ARM.Collect$$libinit$$00000004  c_w.l(libinit2.o)
    0x08000266   0x08000266   0x00000000   Code   RO         6098    .ARM.Collect$$libinit$$0000000A  c_w.l(libinit2.o)
    0x08000266   0x08000266   0x00000000   Code   RO         6100    .ARM.Collect$$libinit$$0000000C  c_w.l(libinit2.o)
    0x08000266   0x08000266   0x00000000   Code   RO         6102    .ARM.Collect$$libinit$$0000000E  c_w.l(libinit2.o)
    0x08000266   0x08000266   0x00000000   Code   RO         6105    .ARM.Collect$$libinit$$00000011  c_w.l(libinit2.o)
    0x08000266   0x08000266   0x00000000   Code   RO         6107    .ARM.Collect$$libinit$$00000013  c_w.l(libinit2.o)
    0x08000266   0x08000266   0x00000000   Code   RO         6109    .ARM.Collect$$libinit$$00000015  c_w.l(libinit2.o)
    0x08000266   0x08000266   0x00000000   Code   RO         6111    .ARM.Collect$$libinit$$00000017  c_w.l(libinit2.o)
    0x08000266   0x08000266   0x00000000   Code   RO         6113    .ARM.Collect$$libinit$$00000019  c_w.l(libinit2.o)
    0x08000266   0x08000266   0x00000000   Code   RO         6115    .ARM.Collect$$libinit$$0000001B  c_w.l(libinit2.o)
    0x08000266   0x08000266   0x00000000   Code   RO         6117    .ARM.Collect$$libinit$$0000001D  c_w.l(libinit2.o)
    0x08000266   0x08000266   0x00000000   Code   RO         6119    .ARM.Collect$$libinit$$0000001F  c_w.l(libinit2.o)
    0x08000266   0x08000266   0x00000000   Code   RO         6121    .ARM.Collect$$libinit$$00000021  c_w.l(libinit2.o)
    0x08000266   0x08000266   0x00000000   Code   RO         6123    .ARM.Collect$$libinit$$00000023  c_w.l(libinit2.o)
    0x08000266   0x08000266   0x00000000   Code   RO         6125    .ARM.Collect$$libinit$$00000025  c_w.l(libinit2.o)
    0x08000266   0x08000266   0x00000000   Code   RO         6129    .ARM.Collect$$libinit$$0000002C  c_w.l(libinit2.o)
    0x08000266   0x08000266   0x00000000   Code   RO         6131    .ARM.Collect$$libinit$$0000002E  c_w.l(libinit2.o)
    0x08000266   0x08000266   0x00000000   Code   RO         6133    .ARM.Collect$$libinit$$00000030  c_w.l(libinit2.o)
    0x08000266   0x08000266   0x00000000   Code   RO         6135    .ARM.Collect$$libinit$$00000032  c_w.l(libinit2.o)
    0x08000266   0x08000266   0x00000002   Code   RO         6136    .ARM.Collect$$libinit$$00000033  c_w.l(libinit2.o)
    0x08000268   0x08000268   0x00000002   Code   RO         6167    .ARM.Collect$$libshutdown$$00000000  c_w.l(libshutdown.o)
    0x0800026a   0x0800026a   0x00000000   Code   RO         6193    .ARM.Collect$$libshutdown$$00000002  c_w.l(libshutdown2.o)
    0x0800026a   0x0800026a   0x00000000   Code   RO         6195    .ARM.Collect$$libshutdown$$00000004  c_w.l(libshutdown2.o)
    0x0800026a   0x0800026a   0x00000000   Code   RO         6197    .ARM.Collect$$libshutdown$$00000006  c_w.l(libshutdown2.o)
    0x0800026a   0x0800026a   0x00000000   Code   RO         6200    .ARM.Collect$$libshutdown$$00000009  c_w.l(libshutdown2.o)
    0x0800026a   0x0800026a   0x00000000   Code   RO         6203    .ARM.Collect$$libshutdown$$0000000C  c_w.l(libshutdown2.o)
    0x0800026a   0x0800026a   0x00000000   Code   RO         6205    .ARM.Collect$$libshutdown$$0000000E  c_w.l(libshutdown2.o)
    0x0800026a   0x0800026a   0x00000000   Code   RO         6208    .ARM.Collect$$libshutdown$$00000011  c_w.l(libshutdown2.o)
    0x0800026a   0x0800026a   0x00000002   Code   RO         6209    .ARM.Collect$$libshutdown$$00000012  c_w.l(libshutdown2.o)
    0x0800026c   0x0800026c   0x00000000   Code   RO         6030    .ARM.Collect$$rtentry$$00000000  c_w.l(__rtentry.o)
    0x0800026c   0x0800026c   0x00000000   Code   RO         6049    .ARM.Collect$$rtentry$$00000002  c_w.l(__rtentry2.o)
    0x0800026c   0x0800026c   0x00000006   Code   RO         6061    .ARM.Collect$$rtentry$$00000004  c_w.l(__rtentry4.o)
    0x08000272   0x08000272   0x00000000   Code   RO         6051    .ARM.Collect$$rtentry$$00000009  c_w.l(__rtentry2.o)
    0x08000272   0x08000272   0x00000004   Code   RO         6052    .ARM.Collect$$rtentry$$0000000A  c_w.l(__rtentry2.o)
    0x08000276   0x08000276   0x00000000   Code   RO         6054    .ARM.Collect$$rtentry$$0000000C  c_w.l(__rtentry2.o)
    0x08000276   0x08000276   0x00000008   Code   RO         6055    .ARM.Collect$$rtentry$$0000000D  c_w.l(__rtentry2.o)
    0x0800027e   0x0800027e   0x00000002   Code   RO         6084    .ARM.Collect$$rtexit$$00000000  c_w.l(rtexit.o)
    0x08000280   0x08000280   0x00000000   Code   RO         6140    .ARM.Collect$$rtexit$$00000002  c_w.l(rtexit2.o)
    0x08000280   0x08000280   0x00000004   Code   RO         6141    .ARM.Collect$$rtexit$$00000003  c_w.l(rtexit2.o)
    0x08000284   0x08000284   0x00000006   Code   RO         6142    .ARM.Collect$$rtexit$$00000004  c_w.l(rtexit2.o)
    0x0800028a   0x0800028a   0x00000002   PAD
    0x0800028c   0x0800028c   0x000000be   Code   RO         4983    .emb_text           port.o
    0x0800034a   0x0800034a   0x00000002   PAD
    0x0800034c   0x0800034c   0x00000040   Code   RO            4    .text               startup_stm32f427xx.o
    0x0800038c   0x0800038c   0x000000ee   Code   RO         5996    .text               c_w.l(lludivv7m.o)
    0x0800047a   0x0800047a   0x0000008a   Code   RO         5998    .text               c_w.l(rt_memcpy_v6.o)
    0x08000504   0x08000504   0x00000064   Code   RO         6000    .text               c_w.l(rt_memcpy_w.o)
    0x08000568   0x08000568   0x0000004e   Code   RO         6004    .text               c_w.l(rt_memclr_w.o)
    0x080005b6   0x080005b6   0x00000006   Code   RO         6006    .text               c_w.l(heapauxi.o)
    0x080005bc   0x080005bc   0x0000004a   Code   RO         6067    .text               c_w.l(sys_stackheap_outer.o)
    0x08000606   0x08000606   0x00000012   Code   RO         6069    .text               c_w.l(exit.o)
    0x08000618   0x08000618   0x00000008   Code   RO         6081    .text               c_w.l(libspace.o)
    0x08000620   0x08000620   0x0000000c   Code   RO         6137    .text               c_w.l(sys_exit.o)
    0x0800062c   0x0800062c   0x00000002   Code   RO         6156    .text               c_w.l(use_no_semi.o)
    0x0800062e   0x0800062e   0x00000000   Code   RO         6158    .text               c_w.l(indicate_semi.o)
    0x0800062e   0x0800062e   0x00000002   PAD
    0x08000630   0x08000630   0x00000028   Code   RO         5590    i.AllCanSend        task_cansend.o
    0x08000658   0x08000658   0x00000002   Code   RO          464    i.BusFault_Handler  stm32f4xx_it.o
    0x0800065a   0x0800065a   0x00000002   PAD
    0x0800065c   0x0800065c   0x00000030   Code   RO          465    i.CAN1_RX0_IRQHandler  stm32f4xx_it.o
    0x0800068c   0x0800068c   0x00000030   Code   RO          466    i.CAN2_RX0_IRQHandler  stm32f4xx_it.o
    0x080006bc   0x080006bc   0x0000004c   Code   RO         5732    i.CAN_0x1FF_SendData  monitor_rm_can.o
    0x08000708   0x08000708   0x0000004c   Code   RO         5733    i.CAN_0x200_SendData  monitor_rm_can.o
    0x08000754   0x08000754   0x0000004c   Code   RO         5734    i.CAN_0x2FF_SendData  monitor_rm_can.o
    0x080007a0   0x080007a0   0x00000020   Code   RO         5735    i.CAN_0x601_SendData  monitor_rm_can.o
    0x080007c0   0x080007c0   0x0000004c   Code   RO         5063    i.CAN_IT_Init       bsp_can.o
    0x0800080c   0x0800080c   0x0000005c   Code   RO         5064    i.CAN_RxMessage_Export_Date  bsp_can.o
    0x08000868   0x08000868   0x0000005c   Code   RO         5781    i.CAN_SendControl   robot_control.o
    0x080008c4   0x080008c4   0x00000034   Code   RO         5065    i.CAN_SendData      bsp_can.o
    0x080008f8   0x080008f8   0x00000012   Code   RO         5115    i.CIMU_Reset        dji_c_imu.o
    0x0800090a   0x0800090a   0x00000002   PAD
    0x0800090c   0x0800090c   0x00000058   Code   RO         5505    i.Can1Receives      task_canmsg.o
    0x08000964   0x08000964   0x0000007c   Code   RO         5506    i.Can2Receives      task_canmsg.o
    0x080009e0   0x080009e0   0x00000060   Code   RO         5618    i.Chassis_Follow    chassis.o
    0x08000a40   0x08000a40   0x00000064   Code   RO         5619    i.Chassis_Move      chassis.o
    0x08000aa4   0x08000aa4   0x00000030   Code   RO         5066    i.Check_CAN         bsp_can.o
    0x08000ad4   0x08000ad4   0x00000020   Code   RO         5116    i.Check_DJI_C_IMU   dji_c_imu.o
    0x08000af4   0x08000af4   0x00000030   Code   RO         5202    i.Check_FrictionM3508  m3508_motor.o
    0x08000b24   0x08000b24   0x00000034   Code   RO         5290    i.Check_M6020       m6020_motor.o
    0x08000b58   0x08000b58   0x00000028   Code   RO         5203    i.Check_WheelM3508  m3508_motor.o
    0x08000b80   0x08000b80   0x000000b0   Code   RO         5344    i.Cloud_IMUYAWIPID  pid.o
    0x08000c30   0x08000c30   0x00000090   Code   RO         5345    i.Cloud_IMUYAWOPID  pid.o
    0x08000cc0   0x08000cc0   0x000000b0   Code   RO         5346    i.Cloud_PITCHIPID   pid.o
    0x08000d70   0x08000d70   0x00000090   Code   RO         5347    i.Cloud_PITCHOPID   pid.o
    0x08000e00   0x08000e00   0x000000b8   Code   RO         5685    i.Cloud_Pitch_PID   cloud.o
    0x08000eb8   0x08000eb8   0x00000080   Code   RO         5686    i.Cloud_Yaw_PID     cloud.o
    0x08000f38   0x08000f38   0x0000001e   Code   RO         5620    i.ComputeMinOffset  chassis.o
    0x08000f56   0x08000f56   0x00000002   PAD
    0x08000f58   0x08000f58   0x00000024   Code   RO         5117    i.DJI_C_Euler_getInfo  dji_c_imu.o
    0x08000f7c   0x08000f7c   0x0000001c   Code   RO         5118    i.DJI_C_Gyro_getInfo  dji_c_imu.o
    0x08000f98   0x08000f98   0x0000000c   Code   RO          467    i.DMA2_Stream2_IRQHandler  stm32f4xx_it.o
    0x08000fa4   0x08000fa4   0x00000028   Code   RO         1367    i.DMA_CalcBaseAndBitshift  stm32f4xx_hal_dma.o
    0x08000fcc   0x08000fcc   0x00000054   Code   RO         1368    i.DMA_CheckFifoParam  stm32f4xx_hal_dma.o
    0x08001020   0x08001020   0x00000028   Code   RO         1369    i.DMA_SetConfig     stm32f4xx_hal_dma.o
    0x08001048   0x08001048   0x00000002   Code   RO          468    i.DebugMon_Handler  stm32f4xx_it.o
    0x0800104a   0x0800104a   0x00000004   Code   RO           13    i.Error_Handler     main.o
    0x0800104e   0x0800104e   0x00000002   PAD
    0x08001050   0x08001050   0x00000034   Code   RO         5551    i.Fixed_Sampling    task_sampling.o
    0x08001084   0x08001084   0x000000dc   Code   RO          624    i.HAL_CAN_AddTxMessage  stm32f4xx_hal_can.o
    0x08001160   0x08001160   0x0000010c   Code   RO          625    i.HAL_CAN_ConfigFilter  stm32f4xx_hal_can.o
    0x0800126c   0x0800126c   0x00000002   Code   RO          628    i.HAL_CAN_ErrorCallback  stm32f4xx_hal_can.o
    0x0800126e   0x0800126e   0x000000e8   Code   RO          631    i.HAL_CAN_GetRxMessage  stm32f4xx_hal_can.o
    0x08001356   0x08001356   0x000001fc   Code   RO          635    i.HAL_CAN_IRQHandler  stm32f4xx_hal_can.o
    0x08001552   0x08001552   0x0000011a   Code   RO          636    i.HAL_CAN_Init      stm32f4xx_hal_can.o
    0x0800166c   0x0800166c   0x000000fc   Code   RO          308    i.HAL_CAN_MspInit   can.o
    0x08001768   0x08001768   0x00000002   Code   RO          643    i.HAL_CAN_RxFifo0FullCallback  stm32f4xx_hal_can.o
    0x0800176a   0x0800176a   0x00000002   Code   RO          644    i.HAL_CAN_RxFifo0MsgPendingCallback  stm32f4xx_hal_can.o
    0x0800176c   0x0800176c   0x00000002   Code   RO          645    i.HAL_CAN_RxFifo1FullCallback  stm32f4xx_hal_can.o
    0x0800176e   0x0800176e   0x00000002   Code   RO          646    i.HAL_CAN_RxFifo1MsgPendingCallback  stm32f4xx_hal_can.o
    0x08001770   0x08001770   0x00000002   Code   RO          647    i.HAL_CAN_SleepCallback  stm32f4xx_hal_can.o
    0x08001772   0x08001772   0x00000002   PAD
    0x08001774   0x08001774   0x00000058   Code   RO          648    i.HAL_CAN_Start     stm32f4xx_hal_can.o
    0x080017cc   0x080017cc   0x00000002   Code   RO          650    i.HAL_CAN_TxMailbox0AbortCallback  stm32f4xx_hal_can.o
    0x080017ce   0x080017ce   0x00000002   Code   RO          651    i.HAL_CAN_TxMailbox0CompleteCallback  stm32f4xx_hal_can.o
    0x080017d0   0x080017d0   0x00000002   Code   RO          652    i.HAL_CAN_TxMailbox1AbortCallback  stm32f4xx_hal_can.o
    0x080017d2   0x080017d2   0x00000002   Code   RO          653    i.HAL_CAN_TxMailbox1CompleteCallback  stm32f4xx_hal_can.o
    0x080017d4   0x080017d4   0x00000002   Code   RO          654    i.HAL_CAN_TxMailbox2AbortCallback  stm32f4xx_hal_can.o
    0x080017d6   0x080017d6   0x00000002   Code   RO          655    i.HAL_CAN_TxMailbox2CompleteCallback  stm32f4xx_hal_can.o
    0x080017d8   0x080017d8   0x00000002   Code   RO          657    i.HAL_CAN_WakeUpFromRxMsgCallback  stm32f4xx_hal_can.o
    0x080017da   0x080017da   0x00000092   Code   RO         1370    i.HAL_DMA_Abort     stm32f4xx_hal_dma.o
    0x0800186c   0x0800186c   0x00000024   Code   RO         1371    i.HAL_DMA_Abort_IT  stm32f4xx_hal_dma.o
    0x08001890   0x08001890   0x000001a0   Code   RO         1375    i.HAL_DMA_IRQHandler  stm32f4xx_hal_dma.o
    0x08001a30   0x08001a30   0x000000d4   Code   RO         1376    i.HAL_DMA_Init      stm32f4xx_hal_dma.o
    0x08001b04   0x08001b04   0x0000006e   Code   RO         1380    i.HAL_DMA_Start_IT  stm32f4xx_hal_dma.o
    0x08001b72   0x08001b72   0x00000002   PAD
    0x08001b74   0x08001b74   0x00000234   Code   RO         1263    i.HAL_GPIO_Init     stm32f4xx_hal_gpio.o
    0x08001da8   0x08001da8   0x0000000c   Code   RO         1815    i.HAL_GetTick       stm32f4xx_hal.o
    0x08001db4   0x08001db4   0x00000010   Code   RO         1821    i.HAL_IncTick       stm32f4xx_hal.o
    0x08001dc4   0x08001dc4   0x00000034   Code   RO         1822    i.HAL_Init          stm32f4xx_hal.o
    0x08001df8   0x08001df8   0x00000074   Code   RO          583    i.HAL_InitTick      stm32f4xx_hal_timebase_tim.o
    0x08001e6c   0x08001e6c   0x00000038   Code   RO          559    i.HAL_MspInit       stm32f4xx_hal_msp.o
    0x08001ea4   0x08001ea4   0x0000001a   Code   RO         1670    i.HAL_NVIC_EnableIRQ  stm32f4xx_hal_cortex.o
    0x08001ebe   0x08001ebe   0x00000002   PAD
    0x08001ec0   0x08001ec0   0x00000040   Code   RO         1676    i.HAL_NVIC_SetPriority  stm32f4xx_hal_cortex.o
    0x08001f00   0x08001f00   0x00000024   Code   RO         1677    i.HAL_NVIC_SetPriorityGrouping  stm32f4xx_hal_cortex.o
    0x08001f24   0x08001f24   0x00000134   Code   RO          857    i.HAL_RCC_ClockConfig  stm32f4xx_hal_rcc.o
    0x08002058   0x08002058   0x00000040   Code   RO          861    i.HAL_RCC_GetClockConfig  stm32f4xx_hal_rcc.o
    0x08002098   0x08002098   0x00000020   Code   RO          864    i.HAL_RCC_GetPCLK1Freq  stm32f4xx_hal_rcc.o
    0x080020b8   0x080020b8   0x00000020   Code   RO          865    i.HAL_RCC_GetPCLK2Freq  stm32f4xx_hal_rcc.o
    0x080020d8   0x080020d8   0x00000064   Code   RO          866    i.HAL_RCC_GetSysClockFreq  stm32f4xx_hal_rcc.o
    0x0800213c   0x0800213c   0x0000036c   Code   RO          869    i.HAL_RCC_OscConfig  stm32f4xx_hal_rcc.o
    0x080024a8   0x080024a8   0x000000bc   Code   RO         2081    i.HAL_SPI_Init      stm32f4xx_hal_spi.o
    0x08002564   0x08002564   0x0000006c   Code   RO          381    i.HAL_SPI_MspInit   spi.o
    0x080025d0   0x080025d0   0x00000002   Code   RO         3098    i.HAL_TIMEx_BreakCallback  stm32f4xx_hal_tim_ex.o
    0x080025d2   0x080025d2   0x00000002   Code   RO         3099    i.HAL_TIMEx_CommutCallback  stm32f4xx_hal_tim_ex.o
    0x080025d4   0x080025d4   0x0000005a   Code   RO         2394    i.HAL_TIM_Base_Init  stm32f4xx_hal_tim.o
    0x0800262e   0x0800262e   0x00000002   Code   RO         2396    i.HAL_TIM_Base_MspInit  stm32f4xx_hal_tim.o
    0x08002630   0x08002630   0x00000080   Code   RO         2399    i.HAL_TIM_Base_Start_IT  stm32f4xx_hal_tim.o
    0x080026b0   0x080026b0   0x00000002   Code   RO         2428    i.HAL_TIM_IC_CaptureCallback  stm32f4xx_hal_tim.o
    0x080026b2   0x080026b2   0x00000166   Code   RO         2442    i.HAL_TIM_IRQHandler  stm32f4xx_hal_tim.o
    0x08002818   0x08002818   0x00000002   Code   RO         2445    i.HAL_TIM_OC_DelayElapsedCallback  stm32f4xx_hal_tim.o
    0x0800281a   0x0800281a   0x00000002   Code   RO         2472    i.HAL_TIM_PWM_PulseFinishedCallback  stm32f4xx_hal_tim.o
    0x0800281c   0x0800281c   0x00000014   Code   RO           14    i.HAL_TIM_PeriodElapsedCallback  main.o
    0x08002830   0x08002830   0x00000002   Code   RO         2485    i.HAL_TIM_TriggerCallback  stm32f4xx_hal_tim.o
    0x08002832   0x08002832   0x00000002   Code   RO         3376    i.HAL_UARTEx_RxEventCallback  stm32f4xx_hal_uart.o
    0x08002834   0x08002834   0x00000002   Code   RO         3390    i.HAL_UART_ErrorCallback  stm32f4xx_hal_uart.o
    0x08002836   0x08002836   0x00000002   PAD
    0x08002838   0x08002838   0x00000268   Code   RO         3393    i.HAL_UART_IRQHandler  stm32f4xx_hal_uart.o
    0x08002aa0   0x08002aa0   0x00000062   Code   RO         3394    i.HAL_UART_Init     stm32f4xx_hal_uart.o
    0x08002b02   0x08002b02   0x00000002   PAD
    0x08002b04   0x08002b04   0x000000b0   Code   RO          423    i.HAL_UART_MspInit  usart.o
    0x08002bb4   0x08002bb4   0x0000002a   Code   RO         3398    i.HAL_UART_Receive_DMA  stm32f4xx_hal_uart.o
    0x08002bde   0x08002bde   0x00000002   PAD
    0x08002be0   0x08002be0   0x0000007c   Code   RO         5172    i.HAL_UART_RxCpltCallback  dr16_remote.o
    0x08002c5c   0x08002c5c   0x00000002   Code   RO         3401    i.HAL_UART_RxHalfCpltCallback  stm32f4xx_hal_uart.o
    0x08002c5e   0x08002c5e   0x00000002   Code   RO         3405    i.HAL_UART_TxCpltCallback  stm32f4xx_hal_uart.o
    0x08002c60   0x08002c60   0x00000002   Code   RO          469    i.HardFault_Handler  stm32f4xx_it.o
    0x08002c62   0x08002c62   0x000000a2   Code   RO         5354    i.Incremental_PID   pid.o
    0x08002d04   0x08002d04   0x00000044   Code   RO         5204    i.M3508_Friction_getInfo  m3508_motor.o
    0x08002d48   0x08002d48   0x00000038   Code   RO         5205    i.M3508_getInfo     m3508_motor.o
    0x08002d80   0x08002d80   0x00000016   Code   RO         5291    i.M6020_Reset       m6020_motor.o
    0x08002d96   0x08002d96   0x00000002   PAD
    0x08002d98   0x08002d98   0x0000009c   Code   RO         5292    i.M6020_getInfo     m6020_motor.o
    0x08002e34   0x08002e34   0x00000004   Code   RO         5293    i.M6020_setTargetAngle  m6020_motor.o
    0x08002e38   0x08002e38   0x00000044   Code   RO          309    i.MX_CAN1_Init      can.o
    0x08002e7c   0x08002e7c   0x00000044   Code   RO          310    i.MX_CAN2_Init      can.o
    0x08002ec0   0x08002ec0   0x0000002c   Code   RO          356    i.MX_DMA_Init       dma.o
    0x08002eec   0x08002eec   0x000000c8   Code   RO          257    i.MX_FREERTOS_Init  freertos.o
    0x08002fb4   0x08002fb4   0x0000005c   Code   RO          233    i.MX_GPIO_Init      gpio.o
    0x08003010   0x08003010   0x00000048   Code   RO          382    i.MX_SPI5_Init      spi.o
    0x08003058   0x08003058   0x00000044   Code   RO          424    i.MX_USART1_UART_Init  usart.o
    0x0800309c   0x0800309c   0x00000068   Code   RO         5621    i.MecanumCalculate  chassis.o
    0x08003104   0x08003104   0x00000002   Code   RO          470    i.MemManage_Handler  stm32f4xx_it.o
    0x08003106   0x08003106   0x00000002   Code   RO          471    i.NMI_Handler       stm32f4xx_it.o
    0x08003108   0x08003108   0x00000082   Code   RO         5356    i.Position_PID      pid.o
    0x0800318a   0x0800318a   0x00000002   PAD
    0x0800318c   0x0800318c   0x000000a0   Code   RO         5782    i.Robot_control     robot_control.o
    0x0800322c   0x0800322c   0x00000008   Code   RO          258    i.StartDefaultTask  freertos.o
    0x08003234   0x08003234   0x0000002c   Code   RO         4984    i.SysTick_Handler   port.o
    0x08003260   0x08003260   0x00000094   Code   RO           15    i.SystemClock_Config  main.o
    0x080032f4   0x080032f4   0x00000010   Code   RO         3723    i.SystemInit        system_stm32f4xx.o
    0x08003304   0x08003304   0x0000000c   Code   RO          472    i.TIM6_DAC_IRQHandler  stm32f4xx_it.o
    0x08003310   0x08003310   0x000000c8   Code   RO         2487    i.TIM_Base_SetConfig  stm32f4xx_hal_tim.o
    0x080033d8   0x080033d8   0x00000010   Code   RO         3407    i.UART_DMAAbortOnError  stm32f4xx_hal_uart.o
    0x080033e8   0x080033e8   0x0000004a   Code   RO         3408    i.UART_DMAError     stm32f4xx_hal_uart.o
    0x08003432   0x08003432   0x00000082   Code   RO         3409    i.UART_DMAReceiveCplt  stm32f4xx_hal_uart.o
    0x080034b4   0x080034b4   0x0000001a   Code   RO         3411    i.UART_DMARxHalfCplt  stm32f4xx_hal_uart.o
    0x080034ce   0x080034ce   0x0000004e   Code   RO         3417    i.UART_EndRxTransfer  stm32f4xx_hal_uart.o
    0x0800351c   0x0800351c   0x0000001c   Code   RO         3418    i.UART_EndTxTransfer  stm32f4xx_hal_uart.o
    0x08003538   0x08003538   0x000000c0   Code   RO         3419    i.UART_Receive_IT   stm32f4xx_hal_uart.o
    0x080035f8   0x080035f8   0x0000010c   Code   RO         3420    i.UART_SetConfig    stm32f4xx_hal_uart.o
    0x08003704   0x08003704   0x00000090   Code   RO         3421    i.UART_Start_Receive_DMA  stm32f4xx_hal_uart.o
    0x08003794   0x08003794   0x0000000c   Code   RO          473    i.USART1_IRQHandler  stm32f4xx_it.o
    0x080037a0   0x080037a0   0x000000ac   Code   RO         5119    i.Updata_Hand_Euler_Gyro_Data  dji_c_imu.o
    0x0800384c   0x0800384c   0x00000002   Code   RO          474    i.UsageFault_Handler  stm32f4xx_it.o
    0x0800384e   0x0800384e   0x00000020   Code   RO         1683    i.__NVIC_SetPriority  stm32f4xx_hal_cortex.o
    0x0800386e   0x0800386e   0x0000002a   Code   RO         5363    i.abs_limit         pid.o
    0x08003898   0x08003898   0x00000024   Code   RO         5687    i.cloud_Mpu         cloud.o
    0x080038bc   0x080038bc   0x0000005c   Code   RO           16    i.main              main.o
    0x08003918   0x08003918   0x0000000c   Code   RO         4549    i.makeFreeRtosPriority  cmsis_os.o
    0x08003924   0x08003924   0x0000000e   Code   RO         4551    i.osDelay           cmsis_os.o
    0x08003932   0x08003932   0x0000000a   Code   RO         4554    i.osKernelStart     cmsis_os.o
    0x0800393c   0x0800393c   0x00000026   Code   RO         4563    i.osMessageCreate   cmsis_os.o
    0x08003962   0x08003962   0x00000054   Code   RO         4588    i.osThreadCreate    cmsis_os.o
    0x080039b6   0x080039b6   0x00000002   PAD
    0x080039b8   0x080039b8   0x00000070   Code   RO         4225    i.prvAddCurrentTaskToDelayedList  tasks.o
    0x08003a28   0x08003a28   0x000000d0   Code   RO         4226    i.prvAddNewTaskToReadyList  tasks.o
    0x08003af8   0x08003af8   0x00000026   Code   RO         3901    i.prvCopyDataFromQueue  queue.o
    0x08003b1e   0x08003b1e   0x0000006c   Code   RO         3902    i.prvCopyDataToQueue  queue.o
    0x08003b8a   0x08003b8a   0x00000034   Code   RO         4227    i.prvDeleteTCB      tasks.o
    0x08003bbe   0x08003bbe   0x00000002   PAD
    0x08003bc0   0x08003bc0   0x0000004c   Code   RO         4916    i.prvHeapInit       heap_4.o
    0x08003c0c   0x08003c0c   0x00000060   Code   RO         4228    i.prvIdleTask       tasks.o
    0x08003c6c   0x08003c6c   0x00000016   Code   RO         3904    i.prvInitialiseNewQueue  queue.o
    0x08003c82   0x08003c82   0x00000098   Code   RO         4229    i.prvInitialiseNewTask  tasks.o
    0x08003d1a   0x08003d1a   0x00000002   PAD
    0x08003d1c   0x08003d1c   0x0000004c   Code   RO         4917    i.prvInsertBlockIntoFreeList  heap_4.o
    0x08003d68   0x08003d68   0x0000001c   Code   RO         3905    i.prvIsQueueEmpty   queue.o
    0x08003d84   0x08003d84   0x00000020   Code   RO         4230    i.prvResetNextTaskUnblockTime  tasks.o
    0x08003da4   0x08003da4   0x00000028   Code   RO         4985    i.prvTaskExitError  port.o
    0x08003dcc   0x08003dcc   0x0000006a   Code   RO         3906    i.prvUnlockQueue    queue.o
    0x08003e36   0x08003e36   0x00000002   PAD
    0x08003e38   0x08003e38   0x000000dc   Code   RO         4918    i.pvPortMalloc      heap_4.o
    0x08003f14   0x08003f14   0x0000002c   Code   RO         4986    i.pxPortInitialiseStack  port.o
    0x08003f40   0x08003f40   0x00000026   Code   RO         3861    i.uxListRemove      list.o
    0x08003f66   0x08003f66   0x00000002   PAD
    0x08003f68   0x08003f68   0x00000014   Code   RO          259    i.vApplicationGetIdleTaskMemory  freertos.o
    0x08003f7c   0x08003f7c   0x00000016   Code   RO         3862    i.vListInitialise   list.o
    0x08003f92   0x08003f92   0x00000006   Code   RO         3863    i.vListInitialiseItem  list.o
    0x08003f98   0x08003f98   0x00000030   Code   RO         3864    i.vListInsert       list.o
    0x08003fc8   0x08003fc8   0x00000018   Code   RO         3865    i.vListInsertEnd    list.o
    0x08003fe0   0x08003fe0   0x00000040   Code   RO         4988    i.vPortEnterCritical  port.o
    0x08004020   0x08004020   0x00000028   Code   RO         4989    i.vPortExitCritical  port.o
    0x08004048   0x08004048   0x00000064   Code   RO         4919    i.vPortFree         heap_4.o
    0x080040ac   0x080040ac   0x00000024   Code   RO         4990    i.vPortSetupTimerInterrupt  port.o
    0x080040d0   0x080040d0   0x00000054   Code   RO         4991    i.vPortValidateInterruptPriority  port.o
    0x08004124   0x08004124   0x0000004c   Code   RO         4239    i.vTaskDelay        tasks.o
    0x08004170   0x08004170   0x0000008c   Code   RO         4240    i.vTaskDelayUntil   tasks.o
    0x080041fc   0x080041fc   0x00000010   Code   RO         4243    i.vTaskInternalSetTimeOutState  tasks.o
    0x0800420c   0x0800420c   0x0000000c   Code   RO         4244    i.vTaskMissedYield  tasks.o
    0x08004218   0x08004218   0x00000030   Code   RO         4246    i.vTaskPlaceOnEventList  tasks.o
    0x08004248   0x08004248   0x0000006c   Code   RO         4253    i.vTaskStartScheduler  tasks.o
    0x080042b4   0x080042b4   0x00000010   Code   RO         4255    i.vTaskSuspendAll   tasks.o
    0x080042c4   0x080042c4   0x0000005c   Code   RO         4256    i.vTaskSwitchContext  tasks.o
    0x08004320   0x08004320   0x000000f4   Code   RO         4992    i.xPortStartScheduler  port.o
    0x08004414   0x08004414   0x00000042   Code   RO         3915    i.xQueueGenericCreate  queue.o
    0x08004456   0x08004456   0x00000066   Code   RO         3916    i.xQueueGenericCreateStatic  queue.o
    0x080044bc   0x080044bc   0x00000088   Code   RO         3917    i.xQueueGenericReset  queue.o
    0x08004544   0x08004544   0x00000160   Code   RO         3918    i.xQueueGenericSend  queue.o
    0x080046a4   0x080046a4   0x000000be   Code   RO         3919    i.xQueueGenericSendFromISR  queue.o
    0x08004762   0x08004762   0x00000002   PAD
    0x08004764   0x08004764   0x00000138   Code   RO         3925    i.xQueueReceive     queue.o
    0x0800489c   0x0800489c   0x00000074   Code   RO         4258    i.xTaskCheckForTimeOut  tasks.o
    0x08004910   0x08004910   0x0000005a   Code   RO         4259    i.xTaskCreate       tasks.o
    0x0800496a   0x0800496a   0x00000056   Code   RO         4260    i.xTaskCreateStatic  tasks.o
    0x080049c0   0x080049c0   0x0000001c   Code   RO         4264    i.xTaskGetSchedulerState  tasks.o
    0x080049dc   0x080049dc   0x0000000c   Code   RO         4265    i.xTaskGetTickCount  tasks.o
    0x080049e8   0x080049e8   0x000000cc   Code   RO         4267    i.xTaskIncrementTick  tasks.o
    0x08004ab4   0x08004ab4   0x00000098   Code   RO         4270    i.xTaskPriorityDisinherit  tasks.o
    0x08004b4c   0x08004b4c   0x00000074   Code   RO         4272    i.xTaskRemoveFromEventList  tasks.o
    0x08004bc0   0x08004bc0   0x000000c4   Code   RO         4273    i.xTaskResumeAll    tasks.o
    0x08004c84   0x08004c84   0x00000062   Code   RO         6010    x$fpl$d2f           fz_wm.l(d2f.o)
    0x08004ce6   0x08004ce6   0x00000002   PAD
    0x08004ce8   0x08004ce8   0x00000150   Code   RO         6012    x$fpl$dadd          fz_wm.l(daddsub_clz.o)
    0x08004e38   0x08004e38   0x0000002e   Code   RO         6019    x$fpl$dflt          fz_wm.l(dflt_clz.o)
    0x08004e66   0x08004e66   0x00000002   PAD
    0x08004e68   0x08004e68   0x00000154   Code   RO         6024    x$fpl$dmul          fz_wm.l(dmul.o)
    0x08004fbc   0x08004fbc   0x0000009c   Code   RO         6039    x$fpl$dnaninf       fz_wm.l(dnaninf.o)
    0x08005058   0x08005058   0x0000000c   Code   RO         6041    x$fpl$dretinf       fz_wm.l(dretinf.o)
    0x08005064   0x08005064   0x000001d4   Code   RO         6014    x$fpl$dsub          fz_wm.l(daddsub_clz.o)
    0x08005238   0x08005238   0x00000056   Code   RO         6028    x$fpl$f2d           fz_wm.l(f2d.o)
    0x0800528e   0x0800528e   0x0000008c   Code   RO         6043    x$fpl$fnaninf       fz_wm.l(fnaninf.o)
    0x0800531a   0x0800531a   0x0000000a   Code   RO         6152    x$fpl$fpinit        fz_wm.l(fpinit.o)
    0x08005324   0x08005324   0x0000000a   Code   RO         6045    x$fpl$fretinf       fz_wm.l(fretinf.o)
    0x0800532e   0x0800532e   0x00000000   Code   RO         6047    x$fpl$usenofp       fz_wm.l(usenofp.o)
    0x0800532e   0x0800532e   0x00000002   PAD
    0x08005330   0x08005330   0x000000bc   Data   RO          261    .constdata          freertos.o
    0x080053ec   0x080053ec   0x00000008   Data   RO         1382    .constdata          stm32f4xx_hal_dma.o
    0x080053f4   0x080053f4   0x00000010   Data   RO         3724    .constdata          system_stm32f4xx.o
    0x08005404   0x08005404   0x00000008   Data   RO         3725    .constdata          system_stm32f4xx.o
    0x0800540c   0x0800540c   0x0000004c   Data   RO          262    .conststring        freertos.o
    0x08005458   0x08005458   0x00000020   Data   RO         6210    Region$$Table       anon$$obj.o


    Execution Region RW_IRAM2 (Exec base: 0x10000000, Load base: 0x08005568, Size: 0x00000000, Max: 0x00010000, ABSOLUTE)

    **** No section assigned to this execution region ****


    Execution Region RW_IRAM1 (Exec base: 0x20000000, Load base: 0x08005478, Size: 0x00004d28, Max: 0x00030000, ABSOLUTE, COMPRESSED[0x000000f0])

    Exec Addr    Load Addr    Size         Type   Attr      Idx    E Section Name        Object

    0x20000000   COMPRESSED   0x00000020   Data   RW          263    .data               freertos.o
    0x20000020   COMPRESSED   0x00000004   Data   RW          312    .data               can.o
    0x20000024   COMPRESSED   0x0000000c   Data   RW         1829    .data               stm32f4xx_hal.o
    0x20000030   COMPRESSED   0x00000004   Data   RW         3726    .data               system_stm32f4xx.o
    0x20000034   COMPRESSED   0x0000003c   Data   RW         4276    .data               tasks.o
    0x20000070   COMPRESSED   0x00000020   Data   RW         4925    .data               heap_4.o
    0x20000090   COMPRESSED   0x0000000c   Data   RW         4993    .data               port.o
    0x2000009c   COMPRESSED   0x00000010   Data   RW         5068    .data               bsp_can.o
    0x200000ac   COMPRESSED   0x00000008   Data   RW         5069    .data               bsp_can.o
    0x200000b4   COMPRESSED   0x00000006   Data   RW         5070    .data               bsp_can.o
    0x200000ba   COMPRESSED   0x00000006   Data   RW         5071    .data               bsp_can.o
    0x200000c0   COMPRESSED   0x00000014   Data   RW         5121    .data               dji_c_imu.o
    0x200000d4   COMPRESSED   0x00000010   Data   RW         5122    .data               dji_c_imu.o
    0x200000e4   COMPRESSED   0x00000008   Data   RW         5209    .data               m3508_motor.o
    0x200000ec   COMPRESSED   0x00000010   Data   RW         5210    .data               m3508_motor.o
    0x200000fc   COMPRESSED   0x00000008   Data   RW         5296    .data               m6020_motor.o
    0x20000104   COMPRESSED   0x00000010   Data   RW         5297    .data               m6020_motor.o
    0x20000114   COMPRESSED   0x00000001   Data   RW         5552    .data               task_sampling.o
    0x20000115   COMPRESSED   0x00000003   PAD
    0x20000118   COMPRESSED   0x0000003c   Data   RW         5624    .data               chassis.o
    0x20000154   COMPRESSED   0x0000003c   Data   RW         5625    .data               chassis.o
    0x20000190   COMPRESSED   0x0000003c   Data   RW         5626    .data               chassis.o
    0x200001cc   COMPRESSED   0x0000003c   Data   RW         5627    .data               chassis.o
    0x20000208   COMPRESSED   0x00000098   Data   RW         5628    .data               chassis.o
    0x200002a0   COMPRESSED   0x00000100   Data   RW         5689    .data               cloud.o
    0x200003a0   COMPRESSED   0x00000010   Data   RW         5736    .data               monitor_rm_can.o
    0x200003b0        -       0x00000254   Zero   RW          260    .bss                freertos.o
    0x20000604        -       0x00000050   Zero   RW          311    .bss                can.o
    0x20000654        -       0x00000058   Zero   RW          383    .bss                spi.o
    0x200006ac        -       0x000000a4   Zero   RW          425    .bss                usart.o
    0x20000750        -       0x00000048   Zero   RW          586    .bss                stm32f4xx_hal_timebase_tim.o
    0x20000798        -       0x000000f0   Zero   RW         4275    .bss                tasks.o
    0x20000888        -       0x00003c00   Zero   RW         4924    .bss                heap_4.o
    0x20004488        -       0x00000098   Zero   RW         5067    .bss                bsp_can.o
    0x20004520        -       0x00000020   Zero   RW         5120    .bss                dji_c_imu.o
    0x20004540        -       0x00000026   Zero   RW         5173    .bss                dr16_remote.o
    0x20004566   COMPRESSED   0x00000002   PAD
    0x20004568        -       0x00000080   Zero   RW         5206    .bss                m3508_motor.o
    0x200045e8        -       0x00000020   Zero   RW         5207    .bss                m3508_motor.o
    0x20004608        -       0x00000020   Zero   RW         5208    .bss                m3508_motor.o
    0x20004628        -       0x00000024   Zero   RW         5294    .bss                m6020_motor.o
    0x2000464c        -       0x00000024   Zero   RW         5295    .bss                m6020_motor.o
    0x20004670        -       0x00000028   Zero   RW         5623    .bss                chassis.o
    0x20004698        -       0x00000030   Zero   RW         5688    .bss                cloud.o
    0x200046c8        -       0x00000060   Zero   RW         6082    .bss                c_w.l(libspace.o)
    0x20004728        -       0x00000200   Zero   RW            2    HEAP                startup_stm32f427xx.o
    0x20004928        -       0x00000400   Zero   RW            1    STACK               startup_stm32f427xx.o


==============================================================================

Image component sizes


      Code (inc. data)   RO Data    RW Data    ZI Data      Debug   Object Name

       268         16          0         36        152       4642   bsp_can.o
       388         40          0          4         80       2374   can.o
       330         36          0        392         40       4831   chassis.o
       348         74          0        256         48       2869   cloud.o
       158          0          0          0          0      23883   cmsis_os.o
       286         50          0         36         32       4229   dji_c_imu.o
        44          4          0          0          0        730   dma.o
       124          6          0          0         38       1622   dr16_remote.o
         0          0          0          0          0      19908   event_groups.o
       228         14        264         32        596       3098   freertos.o
        92          6          0          0          0        859   gpio.o
       472         24          0         32      15360       7335   heap_4.o
       138          0          0          0          0       3474   list.o
       212         22          0         24        192      21531   m3508_motor.o
       234         16          0         24         72       4059   m6020_motor.o
       264         36          0          0          0     791856   main.o
       260         32          0         16          0       4053   monitor_rm_can.o
       974         24          0          0          0       5371   pid.o
       786         82          0         12          0      11713   port.o
      1460         14          0          0          0      16410   queue.o
       252         46          0          0          0       1106   robot_control.o
       180         24          0          0         88       1609   spi.o
        64         26        428          0       1536        832   startup_stm32f427xx.o
        80         14          0         12          0       8158   stm32f4xx_hal.o
      1624          6          0          0          0      13844   stm32f4xx_hal_can.o
       158         14          0          0          0      33098   stm32f4xx_hal_cortex.o
      1084         16          8          0          0       7250   stm32f4xx_hal_dma.o
       564         54          0          0          0       1524   stm32f4xx_hal_gpio.o
        56          4          0          0          0        814   stm32f4xx_hal_msp.o
      1412         86          0          0          0       5817   stm32f4xx_hal_rcc.o
       188          0          0          0          0       1175   stm32f4xx_hal_spi.o
       786         72          0          0          0       7244   stm32f4xx_hal_tim.o
         4          0          0          0          0       1565   stm32f4xx_hal_tim_ex.o
       116         16          0          0         72       1359   stm32f4xx_hal_timebase_tim.o
      1720         30          0          0          0      12292   stm32f4xx_hal_uart.o
       144         42          0          0          0      10913   stm32f4xx_it.o
         0          0          0          0          0        384   stream_buffer.o
        16          4         24          4          0       1071   system_stm32f4xx.o
       212         26          0          0          0       1186   task_canmsg.o
        40          4          0          0          0        525   task_cansend.o
        52         10          0          1          0        957   task_sampling.o
      2160        164          0         60        240      26532   tasks.o
       244         34          0          0        164       1717   usart.o

    ----------------------------------------------------------------------
     18260       1188        756        944      18712    1075819   Object Totals
         0          0         32          0          0          0   (incl. Generated)
        38          0          0          3          2          0   (incl. Padding)

    ----------------------------------------------------------------------

      Code (inc. data)   RO Data    RW Data    ZI Data      Debug   Library Member Name

        90          0          0          0          0          0   __dczerorl2.o
         8          0          0          0          0         68   __main.o
         0          0          0          0          0          0   __rtentry.o
        12          0          0          0          0          0   __rtentry2.o
         6          0          0          0          0          0   __rtentry4.o
        52          8          0          0          0          0   __scatter.o
        28          0          0          0          0          0   __scatter_zi.o
        18          0          0          0          0         80   exit.o
         6          0          0          0          0        152   heapauxi.o
         0          0          0          0          0          0   indicate_semi.o
         2          0          0          0          0          0   libinit.o
         6          0          0          0          0          0   libinit2.o
         2          0          0          0          0          0   libshutdown.o
         2          0          0          0          0          0   libshutdown2.o
         8          4          0          0         96         68   libspace.o
       238          0          0          0          0        100   lludivv7m.o
        78          0          0          0          0         80   rt_memclr_w.o
       138          0          0          0          0         68   rt_memcpy_v6.o
       100          0          0          0          0         80   rt_memcpy_w.o
         2          0          0          0          0          0   rtexit.o
        10          0          0          0          0          0   rtexit2.o
        12          4          0          0          0         68   sys_exit.o
        74          0          0          0          0         80   sys_stackheap_outer.o
         2          0          0          0          0         68   use_no_semi.o
        98          4          0          0          0        140   d2f.o
       804         16          0          0          0        368   daddsub_clz.o
        46          0          0          0          0        116   dflt_clz.o
       340         12          0          0          0        152   dmul.o
       156          4          0          0          0        140   dnaninf.o
        12          0          0          0          0        116   dretinf.o
        86          4          0          0          0        132   f2d.o
       140          4          0          0          0        132   fnaninf.o
        10          0          0          0          0        116   fpinit.o
        10          0          0          0          0        116   fretinf.o
         0          0          0          0          0          0   usenofp.o

    ----------------------------------------------------------------------
      2608         60          0          0         96       2440   Library Totals
        12          0          0          0          0          0   (incl. Padding)

    ----------------------------------------------------------------------

      Code (inc. data)   RO Data    RW Data    ZI Data      Debug   Library Name

       894         16          0          0         96        912   c_w.l
      1702         44          0          0          0       1528   fz_wm.l

    ----------------------------------------------------------------------
      2608         60          0          0         96       2440   Library Totals

    ----------------------------------------------------------------------

==============================================================================


      Code (inc. data)   RO Data    RW Data    ZI Data      Debug   

     20868       1248        756        944      18808    1058295   Grand Totals
     20868       1248        756        240      18808    1058295   ELF Image Totals (compressed)
     20868       1248        756        240          0          0   ROM Totals

==============================================================================

    Total RO  Size (Code + RO Data)                21624 (  21.12kB)
    Total RW  Size (RW Data + ZI Data)             19752 (  19.29kB)
    Total ROM Size (Code + RO Data + RW Data)      21864 (  21.35kB)

==============================================================================

